/Users/user1/miniforge3/envs/bhs_env/lib/python3.11/site-packages/pymc/pytensorf.py:958: FutureWarning: compile_pymc was renamed to compile. Old name will be removed in a future release of PyMC
  warnings.warn(
/Users/user1/miniforge3/envs/bhs_env/lib/python3.11/site-packages/pymc/pytensorf.py:958: FutureWarning: compile_pymc was renamed to compile. Old name will be removed in a future release of PyMC
  warnings.warn(
/Users/user1/miniforge3/envs/bhs_env/lib/python3.11/site-packages/pymc/model/fgraph.py:163: UserWarning: Detected variables likely created by GP objects. Further use of these old GP objects should be avoided as it may reintroduce variables from the old model. See issue: https://github.com/pymc-devs/pymc/issues/6883
  warnings.warn(
5978.0969107142855 4.205791666794643 -0.08010071428571429 0.3170239560166381 1.1475716607142856 1.4840080535714286
831.8751676749379 0.2640866953690148 0.2058107556527279 0.6810411063280138 0.2971137557826593 0.5270303780458729
''''''''''''''''''''''''
NUTPIE GP TEST - MASS - PRIORS FROM NUTS + GP OBJS FIX
......................

::::::::::::::::::::::::::::::::::::::
goodMS700
::::::::::::::::::::::::::::::::::::::

GP mass - MS stars. 50_20_1000, target_accept=0.95, TD 20.
target_accept= 0.95
Training predictions SD: 0.17225234526093974
Training predictions range: -0.8154704758961816 0.42886658604989236
Posteriors of interest:
           mean     sd  hdi_3%  hdi_97%  ...  mcse_sd  ess_bulk  ess_tail  r_hat
ls[0]    2.071  1.018   0.485    3.893  ...    0.024    1208.0    1130.0   1.00
ls[1]    0.917  0.294   0.461    1.388  ...    0.015    1423.0    1484.0   1.00
ls[2]    1.304  0.509   0.567    2.170  ...    0.031    1045.0    1436.0   1.00
ls[3]    1.194  0.719   0.378    2.425  ...    0.033    1264.0    1547.0   1.00
ls_v[0]  0.470  0.204   0.169    0.843  ...    0.007     949.0    1916.0   1.00
ls_v[1]  0.779  0.326   0.256    1.351  ...    0.004     637.0    2046.0   1.01
ls_v[2]  0.446  0.234   0.154    0.901  ...    0.005     834.0    2185.0   1.00
ls_v[3]  0.507  0.180   0.225    0.854  ...    0.005    4229.0    2240.0   1.00
eta      0.625  0.150   0.340    0.890  ...    0.002    1627.0    2300.0   1.00
eta_v    1.317  0.646   0.260    2.483  ...    0.014     553.0    1472.0   1.01

[10 rows x 9 columns]
AZ Stats for ESS Bulk < 400:
 Empty DataFrame
Columns: [mean, sd, hdi_3%, hdi_97%, mcse_mean, mcse_sd, ess_bulk, ess_tail, r_hat]
Index: []
rhats:  [('log_ls', 1.0036227564962805), ('log_eta', 1.0004493595601247), ('u_rotated_μ', 1.004646027293995), ('log_ls_v', 1.0111918318591533), ('log_eta_v', 1.0090789416312458), ('alpha_log_var', 1.0007000334427905), ('u_rotated_log_var_f', 1.0060559185253715), ('ls', 1.0036227564962805), ('eta', 1.0005362947928755), ('u_μ', 1.0036874126340551), ('mu_μ', 1.003599002121306), ('ls_v', 1.0111918318591533), ('eta_v', 1.0090789416312458), ('u_log_var_f', 1.009586207277124), ('mu_log_var_f', 1.0133959724251418), ('log_var', 1.0125974287235502), ('σ_f', 1.0125974287235502)]
Computing ... ━━━━━━━━━━━━━━━━━━━━━━━━━━━━━━━━━━━━━━━━ 100% 0:00:00
/Users/user1/miniforge3/envs/bhs_env/lib/python3.11/site-packages/arviz/stats/stats.py:1045: RuntimeWarning: overflow encountered in exp
  weights = 1 / np.exp(len_scale - len_scale[:, None]).sum(axis=1)
/Users/user1/miniforge3/envs/bhs_env/lib/python3.11/site-packages/arviz/stats/stats.py:797: UserWarning: Estimated shape parameter of Pareto distribution is greater than 0.70 for one or more samples. You should consider using a more robust model, this is because importance sampling is less likely to work well if the marginal posterior and LOO posterior are very different. This is more likely to happen with a non-robust model and highly influential observations.
  warnings.warn(
/Users/user1/miniforge3/envs/bhs_env/lib/python3.11/site-packages/arviz/stats/stats.py:1045: RuntimeWarning: overflow encountered in exp
  weights = 1 / np.exp(len_scale - len_scale[:, None]).sum(axis=1)
/Users/user1/miniforge3/envs/bhs_env/lib/python3.11/site-packages/arviz/stats/stats.py:797: UserWarning: Estimated shape parameter of Pareto distribution is greater than 0.70 for one or more samples. You should consider using a more robust model, this is because importance sampling is less likely to work well if the marginal posterior and LOO posterior are very different. This is more likely to happen with a non-robust model and highly influential observations.
  warnings.warn(
Sampling: [X_new_latent, X_var_new_latent, f_mu_pred, log_var_pred_latent, y_pred]
loo trace:  Computed from 4000 posterior samples and 560 observations log-likelihood matrix.

         Estimate       SE
elpd_loo -655915.35  112618.64
p_loo    655160.93        -

There has been a warning during the calculation. Please check the results.
------

Pareto k diagnostic values:
                         Count   Pct.
(-Inf, 0.70]   (good)      202   36.1%
   (0.70, 1]   (bad)        30    5.4%
   (1, Inf)   (very bad)  328   58.6%

Sampling ... ━━━━━━━━━━━━━━━━━━━━━━━━━━━━━━━━━━━━━━━━ 100% 0:00:00 / 0:00:02
(4, 1000, 140)
(4, 1000, 140)
(4, 1000, 140)
f range: -0.8311116427661075 0.4312018579006849
f std over test points: 0.2735496838159273
means:  [1.16833543 1.22723709 1.12445505 0.97189551 1.05394623 1.26796909
 1.15676222 1.08857246 1.17684563 1.20467307 1.23744568 1.14376066
 1.22835819 1.15598885 1.15890091 1.1703769  1.01040917 1.15059635
 1.1204887  1.23797431 1.15314379 1.19211925 1.17052224 1.14425019
 1.15555942 1.22109972 1.12152147 1.16970643 0.96881368 1.05911399
 1.14640402 1.19885841 1.20626423 1.16882915 1.14330028 1.14106979
 1.15542695 1.22404761 1.20076665 1.04844185 1.19799346 1.10487712
 1.19421361 1.14634241 1.23677991 0.99601272 0.96288026 1.11463088
 1.14951062 1.19436489 1.07452713 1.13699137 1.14383148 1.16306956
 1.06868766 1.01038979 1.12619969 1.19311242 1.18893775 1.15866605
 1.0535494  1.24340573 1.09196739 0.90036635 0.97577582 1.16893852
 1.15900395 0.94658997 1.25206383 1.16207249 1.0580041  1.11207905
 1.25080178 1.00427234 1.15678974 1.00159015 1.13782388 1.04793013
 1.15875634 1.26047859 1.09881106 1.13013554 0.91076433 1.23973959
 1.0231765  1.12580225 0.94147775 1.15656736 1.23418418 1.1524224
 1.17974392 1.0566237  1.16944872 1.04065991 1.17188225 1.08485385
 0.98579456 1.26380831 1.03141764 1.02116139 1.21496428 1.09841399
 1.23354408 1.17825275 1.15263099 1.14467098 1.16420587 1.15479354
 1.25803402 1.16319064 1.02553116 1.25120887 1.16867655 1.20633859
 1.18734263 1.04638492 1.23686178 1.1486955  1.10628048 1.17483555
 1.15543065 1.09788657 1.08381271 1.21297387 1.03348753 1.10367144
 1.17890738 1.11735474 1.10629604 1.11700617 1.16438731 1.18783685
 1.27264782 0.94295146 1.18258021 1.15186231 1.05020523 1.18176861
 1.17560648 1.25090818]
stdvs:  [0.68865303 0.33782903 0.46930523 0.33547524 0.37787359 0.36889208
 0.56653176 0.28741057 0.34879582 0.32462549 0.39097463 0.26565841
 0.29923094 0.43532313 0.77902122 0.37438489 0.26754328 0.31847862
 0.25544265 0.4478917  0.28965355 0.34023729 0.32045189 0.50297372
 0.28817064 0.31782814 0.51488709 0.52261618 0.31050483 0.26840804
 0.30185998 0.58601819 0.59895279 0.55975625 0.29758471 0.43426936
 0.30690485 0.28299723 0.25850525 0.28200296 0.27664819 0.28898581
 0.32427785 0.65754807 0.32592836 0.30556976 0.30930816 0.60224783
 0.25642842 0.28902502 0.60521795 0.31709683 0.57735719 0.30773204
 0.32364265 0.52800346 0.31627317 0.34019241 0.29953333 0.24563316
 0.52282243 0.28998462 0.34912349 0.43456215 0.3411743  0.26326696
 0.3305694  0.29473495 0.86153093 0.32298834 0.59346434 0.32696691
 0.34241556 0.28674177 0.49034605 0.39833388 0.2850206  0.37879443
 0.36201245 0.38676131 0.32396925 0.26131736 0.40105627 0.52106481
 0.37356316 0.29700087 0.37623616 0.37278768 0.32673004 0.27449435
 0.622478   0.30335455 0.43399924 0.2980081  0.29421125 0.49080579
 0.48379366 0.34126577 0.29025825 0.30043136 0.30974837 0.31270889
 0.4076988  0.27286807 0.27173693 0.3214135  0.28632265 0.86038019
 0.41494035 0.9113965  0.53003852 0.30304154 0.2816917  0.30959701
 0.32207124 0.25381323 0.33037143 0.29066211 0.29499801 0.29782716
 1.09478029 0.26458561 0.28332994 0.3237906  0.26876348 0.27454211
 0.270373   0.2961348  0.26006089 0.29807157 0.37810511 0.23927707
 0.58607976 0.52989092 0.90276582 0.32414601 0.36326238 1.470913
 0.26743971 0.45753486]
Unorm mass:  130    1.84000
425    1.53800
412    1.38300
351    1.33600
551    0.95600
653    1.27130
423    1.25200
164    1.08000
162    1.14000
343    1.08900
452    1.34700
366    1.15700
318    1.28500
555    1.43600
189    0.23020
160    1.30000
146    1.55900
94     1.17300
584    1.07800
431    1.44000
89     1.28900
52     1.12000
91     1.24400
71     1.46000
186    1.42000
489    1.01900
642    0.56600
549    1.71600
373    1.13500
537    1.10500
395    1.32100
636    1.17400
324    1.53800
156    0.70700
470    1.22100
282    1.06600
48     1.34000
696    1.01000
294    1.17000
42     0.96000
501    1.41800
409    1.17400
339    1.16600
101    1.71900
379    1.51500
22     1.30000
306    1.11200
676    1.09000
459    1.38500
394    1.22800
9      1.53000
163    1.18000
254    1.46700
90     1.26400
98     0.89800
119    0.82700
684    1.39000
328    1.00800
60     1.39000
432    1.13100
440    1.37300
502    1.19700
292    1.24700
463    1.15800
316    1.28000
613    1.11000
498    1.14800
477    1.29100
632    0.93200
198    1.19470
341    1.37800
672    0.88000
504    1.50900
420    1.30000
533    0.49900
474    1.18900
607    1.22600
97     1.46700
284    1.30500
66     1.50000
209    0.82700
270    1.22000
478    1.16800
375    1.41300
532    1.09400
37     1.43000
367    1.21100
109    1.23500
14     1.37000
81     1.41400
127    1.36600
348    1.29800
605    1.74100
690    1.10000
496    1.23900
273    1.43700
286    1.30500
47     1.43000
70     1.14000
227    0.92000
80     0.85900
628    1.12300
13     1.18000
181    1.41000
266    1.29900
88     1.36600
335    1.31500
595    0.20500
33     1.48000
600    0.33200
678    1.20000
393    0.86600
400    1.27400
7      1.39000
208    0.99500
171    1.03000
183    1.36000
283    1.32600
57     0.98000
610    1.27700
554    1.57300
56     0.94000
321    1.07500
36     1.17000
449    0.95600
29     1.11000
406    1.06300
461    1.20400
439    1.15700
161    1.29000
153    0.95120
205    0.96000
689    1.07000
467    1.25200
548    0.40900
247    1.12100
490    0.91800
654    0.23529
338    1.52200
417    1.72700
Name: M, dtype: float64
MAE:  0.21825191386450363
MARD 27.959056988054492
MRD -8.1737621548072
Peak Memory: 1138.68 MB
CPU time accumulated: 687.77823 s
Total wall clock time: 160.77359 s
><><><><><><><><><><><><><><><><><><><><><><><><><><
