/Users/user1/miniforge3/envs/bhs_env/lib/python3.11/site-packages/pymc/pytensorf.py:958: FutureWarning: compile_pymc was renamed to compile. Old name will be removed in a future release of PyMC
  warnings.warn(
/Users/user1/miniforge3/envs/bhs_env/lib/python3.11/site-packages/pymc/pytensorf.py:958: FutureWarning: compile_pymc was renamed to compile. Old name will be removed in a future release of PyMC
  warnings.warn(
5978.0969107142855 4.205791666794643 -0.08010071428571429 0.3170239560166381 1.1475716607142856 1.4840080535714286
831.8751676749379 0.2640866953690148 0.2058107556527279 0.6810411063280138 0.2971137557826593 0.5270303780458729

::::::::::::::::::::::::::::::::::::::
goodMS700
::::::::::::::::::::::::::::::::::::::

GP mass - MS stars. 50_20_1000, target_accept=0.95, TD 20.
target_accept= 0.95
.
Trace type:  <class 'arviz.data.inference_data.InferenceData'>
Trace posterior:
 <xarray.Dataset> Size: 77MB
Dimensions:                    (chain: 4, draw: 1000, log_ls_dim_0: 4,
                                u_rotated_μ_dim_0: 52, log_ls_v_dim_0: 4,
                                u_rotated_log_var_f_dim_0: 21, ls_dim_0: 4,
                                u_μ_dim_0: 52, mu_μ_dim_0: 560, ls_v_dim_0: 4,
                                u_log_var_f_dim_0: 21, mu_log_var_f_dim_0: 560,
                                log_var_dim_0: 560, σ_f_dim_0: 560)
Coordinates: (12/14)
  * chain                      (chain) int64 32B 0 1 2 3
  * draw                       (draw) int64 8kB 0 1 2 3 4 ... 996 997 998 999
  * log_ls_dim_0               (log_ls_dim_0) int64 32B 0 1 2 3
  * u_rotated_μ_dim_0          (u_rotated_μ_dim_0) int64 416B 0 1 2 ... 49 50 51
  * log_ls_v_dim_0             (log_ls_v_dim_0) int64 32B 0 1 2 3
  * u_rotated_log_var_f_dim_0  (u_rotated_log_var_f_dim_0) int64 168B 0 1 ... 20
    ...                         ...
  * mu_μ_dim_0                 (mu_μ_dim_0) int64 4kB 0 1 2 3 ... 557 558 559
  * ls_v_dim_0                 (ls_v_dim_0) int64 32B 0 1 2 3
  * u_log_var_f_dim_0          (u_log_var_f_dim_0) int64 168B 0 1 2 ... 18 19 20
  * mu_log_var_f_dim_0         (mu_log_var_f_dim_0) int64 4kB 0 1 2 ... 558 559
  * log_var_dim_0              (log_var_dim_0) int64 4kB 0 1 2 3 ... 557 558 559
  * σ_f_dim_0                  (σ_f_dim_0) int64 4kB 0 1 2 3 ... 556 557 558 559
Data variables: (12/17)
    log_ls                     (chain, draw, log_ls_dim_0) float64 128kB 2.02...
    log_eta                    (chain, draw) float64 32kB -0.8564 ... -0.5047
    u_rotated_μ                (chain, draw, u_rotated_μ_dim_0) float64 2MB -...
    log_ls_v                   (chain, draw, log_ls_v_dim_0) float64 128kB 0....
    log_eta_v                  (chain, draw) float64 32kB 0.5936 1.138 ... 0.672
    alpha_log_var              (chain, draw) float64 32kB 0.1671 ... 0.2215
    ...                         ...
    ls_v                       (chain, draw, ls_v_dim_0) float64 128kB 1.991 ...
    eta_v                      (chain, draw) float64 32kB 1.81 3.119 ... 1.958
    u_log_var_f                (chain, draw, u_log_var_f_dim_0) float64 672kB ...
    mu_log_var_f               (chain, draw, mu_log_var_f_dim_0) float64 18MB ...
    log_var                    (chain, draw, log_var_dim_0) float64 18MB -0.1...
    σ_f                        (chain, draw, σ_f_dim_0) float64 18MB 0.9505 ....
Attributes:
    created_at:                 2026-05-30T15:10:20.474027+00:00
    arviz_version:              0.21.0
    inference_library:          nutpie
    inference_library_version:  0.13.1
    sampling_time:              113.23963522911072
    tuning_steps:               1500
.
AZ Stats for ESS Bulk < 400:
                           mean     sd  hdi_3%  ...  ess_bulk  ess_tail  r_hat
log_ls_v[3]              0.105  0.763  -0.891  ...     167.0     679.0   1.02
ls_v[3]                  1.543  1.450   0.319  ...     167.0     679.0   1.02
log_var[26]             -0.480  0.361  -1.105  ...     191.0    1162.0   1.02
σ_f[26]                  0.799  0.140   0.559  ...     191.0    1162.0   1.02
σ_f[72]                  0.832  0.109   0.640  ...     199.0    1012.0   1.02
log_var[72]             -0.384  0.267  -0.834  ...     199.0    1012.0   1.02
log_var[133]            -0.541  0.331  -1.131  ...     200.0     927.0   1.02
σ_f[182]                 0.722  0.201   0.371  ...     200.0    1320.0   1.02
log_var[182]            -0.732  0.575  -1.772  ...     200.0    1320.0   1.02
σ_f[133]                 0.773  0.124   0.558  ...     200.0     927.0   1.02
σ_f[104]                 0.710  0.165   0.442  ...     201.0    1087.0   1.02
σ_f[196]                 0.838  0.122   0.635  ...     201.0    1133.0   1.02
log_var[104]            -0.743  0.482  -1.581  ...     201.0    1087.0   1.02
log_var[196]            -0.374  0.296  -0.901  ...     201.0    1133.0   1.02
σ_f[231]                 0.825  0.172   0.533  ...     202.0    1135.0   1.02
log_var[231]            -0.427  0.421  -1.203  ...     202.0    1135.0   1.02
log_var[18]             -0.450  0.431  -1.226  ...     204.0    1208.0   1.02
σ_f[18]                  0.817  0.176   0.520  ...     204.0    1208.0   1.02
log_var[138]            -0.631  0.451  -1.444  ...     206.0    1145.0   1.02
log_var[49]             -0.615  0.331  -1.182  ...     206.0     774.0   1.02
σ_f[49]                  0.745  0.121   0.542  ...     206.0     774.0   1.02
σ_f[138]                 0.748  0.161   0.486  ...     206.0    1145.0   1.02
mu_log_var_f[182]       -0.879  0.680  -2.059  ...     209.0     391.0   1.02
log_var[199]            -0.341  0.316  -0.913  ...     210.0    1221.0   1.02
σ_f[199]                 0.854  0.131   0.620  ...     210.0    1221.0   1.02
σ_f[59]                  0.739  0.120   0.536  ...     216.0    1013.0   1.02
log_var[59]             -0.632  0.332  -1.232  ...     216.0    1013.0   1.02
mu_log_var_f[14]        -0.518  0.543  -1.458  ...     216.0     340.0   1.02
log_var[14]             -0.371  0.446  -1.165  ...     218.0    1382.0   1.02
σ_f[14]                  0.851  0.186   0.538  ...     218.0    1382.0   1.02
mu_log_var_f[18]        -0.598  0.547  -1.478  ...     218.0     331.0   1.02
mu_log_var_f[231]       -0.574  0.540  -1.530  ...     219.0     306.0   1.02
mu_log_var_f[258]       -0.397  0.618  -1.544  ...     219.0     405.0   1.02
σ_f[81]                  1.160  0.143   0.948  ...     220.0    1345.0   1.02
log_var[81]              0.283  0.240  -0.100  ...     220.0    1345.0   1.02
σ_f[279]                 0.837  0.107   0.648  ...     222.0    1411.0   1.02
log_var[279]            -0.373  0.262  -0.868  ...     222.0    1411.0   1.02
mu_log_var_f[125]       -0.399  0.513  -1.342  ...     225.0     368.0   1.02
mu_log_var_f[104]       -0.890  0.612  -1.981  ...     226.0     381.0   1.02
σ_f[117]                 1.231  0.155   0.988  ...     226.0    1437.0   1.02
log_var[117]             0.400  0.247  -0.010  ...     226.0    1437.0   1.02
log_var[263]            -0.268  0.315  -0.854  ...     227.0    1310.0   1.02
σ_f[263]                 0.885  0.138   0.630  ...     227.0    1310.0   1.02
σ_f[97]                  0.857  0.128   0.624  ...     228.0    1589.0   1.02
mu_log_var_f[10]        -0.183  0.486  -1.200  ...     228.0     411.0   1.02
log_var[97]             -0.331  0.309  -0.908  ...     228.0    1589.0   1.02
σ_f[22]                  1.246  0.193   0.933  ...     229.0    1247.0   1.02
log_var[22]              0.416  0.305  -0.135  ...     229.0    1247.0   1.02
log_var[44]              0.210  0.254  -0.190  ...     232.0    1484.0   1.02
σ_f[44]                  1.120  0.146   0.885  ...     232.0    1484.0   1.02
σ_f[91]                  1.154  0.123   0.957  ...     233.0    1209.0   1.02
log_var[247]             0.377  0.317  -0.145  ...     233.0    1541.0   1.02
σ_f[247]                 1.223  0.205   0.930  ...     233.0    1541.0   1.02
log_var[91]              0.275  0.208  -0.061  ...     233.0    1209.0   1.02
mu_log_var_f[138]       -0.778  0.582  -1.780  ...     234.0     398.0   1.02
u_log_var_f[11]         -1.023  0.893  -2.739  ...     234.0     513.0   1.02
mu_log_var_f[267]       -0.432  0.534  -1.401  ...     234.0     352.0   1.02
σ_f[36]                  0.694  0.158   0.430  ...     234.0    1320.0   1.01
log_var[36]             -0.784  0.470  -1.589  ...     234.0    1320.0   1.01
σ_f[50]                  0.766  0.115   0.557  ...     237.0    1372.0   1.01
log_var[50]             -0.557  0.308  -1.105  ...     237.0    1372.0   1.01
mu_log_var_f[60]        -0.201  0.466  -1.216  ...     238.0     411.0   1.02
σ_f[62]                  1.189  0.168   0.925  ...     239.0    1375.0   1.02
mu_log_var_f[166]       -0.989  0.880  -2.662  ...     239.0     530.0   1.02
log_var[62]              0.327  0.277  -0.155  ...     239.0    1375.0   1.02
mu_log_var_f[26]        -0.627  0.512  -1.515  ...     241.0     362.0   1.02
mu_log_var_f[77]        -0.861  0.813  -2.356  ...     242.0     519.0   1.02
mu_log_var_f[214]       -0.495  0.553  -1.488  ...     243.0     393.0   1.02
σ_f[267]                 0.888  0.191   0.560  ...     246.0    1932.0   1.02
log_var[267]            -0.285  0.442  -1.104  ...     246.0    1932.0   1.02
σ_f[125]                 0.902  0.189   0.567  ...     247.0    1559.0   1.02
log_var[125]            -0.252  0.429  -1.015  ...     247.0    1559.0   1.02
log_var[173]             0.524  0.302   0.016  ...     250.0    1054.0   1.02
σ_f[258]                 0.914  0.237   0.513  ...     250.0    1281.0   1.01
σ_f[173]                 1.315  0.202   0.976  ...     250.0    1054.0   1.02
log_var[258]            -0.250  0.539  -1.251  ...     250.0    1281.0   1.01
mu_log_var_f[133]       -0.688  0.495  -1.498  ...     251.0     402.0   1.02
log_var[221]            -0.368  0.384  -1.057  ...     252.0    1496.0   1.01
σ_f[221]                 0.847  0.159   0.569  ...     252.0    1496.0   1.01
mu_log_var_f[4]         -0.742  0.617  -1.888  ...     253.0     504.0   1.02
σ_f[4]                   0.766  0.187   0.428  ...     254.0    1665.0   1.01
log_var[4]              -0.595  0.508  -1.596  ...     254.0    1665.0   1.01
log_var[495]             0.235  0.198  -0.108  ...     255.0    1242.0   1.01
mu_log_var_f[263]       -0.415  0.460  -1.266  ...     255.0     356.0   1.02
mu_log_var_f[261]       -0.794  0.655  -1.995  ...     255.0     534.0   1.02
σ_f[495]                 1.130  0.115   0.942  ...     255.0    1242.0   1.01
σ_f[233]                 1.370  0.352   0.834  ...     256.0    1175.0   1.02
log_var[233]             0.567  0.496  -0.287  ...     256.0    1175.0   1.02
log_var[90]              0.356  0.383  -0.325  ...     256.0    1185.0   1.02
σ_f[90]                  1.217  0.237   0.831  ...     256.0    1185.0   1.02
mu_log_var_f[196]       -0.521  0.464  -1.380  ...     257.0     378.0   1.02
σ_f[58]                  0.748  0.113   0.548  ...     257.0    1185.0   1.02
log_var[7]              -0.285  0.266  -0.770  ...     257.0    1117.0   1.02
log_var[58]             -0.605  0.305  -1.141  ...     257.0    1185.0   1.02
σ_f[7]                   0.875  0.114   0.665  ...     257.0    1117.0   1.02
log_var[92]              0.569  0.391  -0.066  ...     258.0    1591.0   1.01
σ_f[92]                  1.356  0.283   0.939  ...     258.0    1591.0   1.01
log_var[214]            -0.348  0.445  -1.198  ...     259.0    1648.0   1.02
σ_f[214]                 0.860  0.182   0.528  ...     259.0    1648.0   1.02
mu_log_var_f[36]        -0.931  0.605  -2.000  ...     261.0     402.0   1.02
mu_log_var_f[199]       -0.488  0.473  -1.326  ...     262.0     353.0   1.02
σ_f[166]                 0.703  0.243   0.301  ...     263.0    1556.0   1.01
log_var[166]            -0.842  0.769  -2.246  ...     263.0    1556.0   1.01
mu_log_var_f[49]        -0.762  0.502  -1.636  ...     265.0     400.0   1.02
mu_log_var_f[149]       -0.800  0.597  -1.849  ...     266.0     400.0   1.02
σ_f[261]                 0.751  0.203   0.408  ...     266.0    1654.0   1.01
log_var[261]            -0.647  0.557  -1.737  ...     266.0    1654.0   1.01
σ_f[33]                  0.805  0.097   0.634  ...     267.0    1531.0   1.02
log_var[33]             -0.449  0.245  -0.905  ...     267.0    1531.0   1.02
log_var[290]             0.327  0.210  -0.030  ...     267.0    1407.0   1.01
σ_f[290]                 1.184  0.127   0.973  ...     267.0    1407.0   1.01
σ_f[265]                 0.759  0.112   0.567  ...     268.0    1512.0   1.01
σ_f[1]                   0.882  0.161   0.573  ...     268.0    1746.0   1.01
σ_f[77]                  0.743  0.243   0.339  ...     268.0    1540.0   1.01
log_var[265]            -0.573  0.302  -1.136  ...     268.0    1512.0   1.01
mu_log_var_f[278]       -0.291  0.453  -1.109  ...     268.0     323.0   1.02
log_var[77]             -0.713  0.713  -2.014  ...     268.0    1540.0   1.01
log_var[1]              -0.286  0.382  -1.010  ...     268.0    1746.0   1.01
mu_log_var_f[59]        -0.779  0.495  -1.647  ...     272.0     406.0   1.02
u_rotated_log_var_f[11] -0.892  0.912  -2.400  ...     273.0     952.0   1.01
σ_f[149]                 0.740  0.167   0.452  ...     273.0    1097.0   1.02
log_var[149]            -0.653  0.457  -1.482  ...     273.0    1097.0   1.02
log_var[278]            -0.144  0.331  -0.799  ...     274.0    1706.0   1.02
log_var[54]             -0.057  0.444  -0.990  ...     274.0     949.0   1.02
σ_f[54]                  0.995  0.207   0.595  ...     274.0     949.0   1.02
mu_log_var_f[221]       -0.515  0.530  -1.460  ...     274.0     368.0   1.02
σ_f[278]                 0.943  0.155   0.661  ...     274.0    1706.0   1.02
σ_f[205]                 0.899  0.070   0.763  ...     275.0    1154.0   1.02
log_var[205]            -0.219  0.157  -0.517  ...     275.0    1154.0   1.02
mu_log_var_f[202]       -0.626  0.513  -1.595  ...     278.0     352.0   1.02
mu_log_var_f[279]       -0.520  0.447  -1.347  ...     279.0     428.0   1.02
mu_log_var_f[259]       -0.363  0.446  -1.193  ...     279.0     432.0   1.02
mu_log_var_f[72]        -0.532  0.454  -1.349  ...     279.0     398.0   1.02
log_var[11]              0.670  0.445  -0.040  ...     280.0    1321.0   1.01
σ_f[11]                  1.435  0.345   0.946  ...     280.0    1321.0   1.01
mu_log_var_f[176]       -0.391  0.626  -1.619  ...     280.0     478.0   1.02
σ_f[15]                  0.999  0.180   0.649  ...     281.0    1186.0   1.01
σ_f[30]                  1.002  0.195   0.626  ...     281.0     981.0   1.02
log_var[15]             -0.035  0.370  -0.768  ...     281.0    1186.0   1.01
log_var[30]             -0.035  0.405  -0.845  ...     281.0     981.0   1.02
mu_log_var_f[1]         -0.433  0.511  -1.336  ...     281.0     430.0   1.02
mu_log_var_f[97]        -0.478  0.471  -1.317  ...     282.0     373.0   1.02
σ_f[461]                 0.898  0.090   0.730  ...     282.0    2201.0   1.01
log_var[461]            -0.227  0.206  -0.607  ...     282.0    2201.0   1.01
σ_f[10]                  1.006  0.220   0.614  ...     283.0     944.0   1.01
log_var[10]             -0.036  0.442  -0.867  ...     283.0     944.0   1.01
log_var[130]            -0.027  0.373  -0.779  ...     284.0    1073.0   1.01
log_var[95]             -0.034  0.403  -0.885  ...     284.0     852.0   1.02
σ_f[130]                 1.004  0.182   0.655  ...     284.0    1073.0   1.01
σ_f[95]                  1.003  0.194   0.598  ...     284.0     852.0   1.02
log_var[471]            -0.301  0.264  -0.786  ...     287.0    1966.0   1.01
mu_log_var_f[170]        0.196  0.411  -0.230  ...     287.0     394.0   1.03
σ_f[471]                 0.868  0.111   0.675  ...     287.0    1966.0   1.01
mu_log_var_f[50]        -0.704  0.471  -1.509  ...     288.0     411.0   1.02
mu_log_var_f[58]        -0.752  0.497  -1.659  ...     290.0     353.0   1.02
σ_f[39]                  1.227  0.133   1.009  ...     291.0    1299.0   1.01
log_var[39]              0.398  0.213   0.046  ...     291.0    1299.0   1.01
mu_log_var_f[54]        -0.204  0.409  -1.202  ...     292.0     756.0   1.02
mu_log_var_f[265]       -0.721  0.480  -1.584  ...     293.0     446.0   1.02
mu_log_var_f[252]        0.112  0.449  -0.625  ...     295.0     373.0   1.02
log_var[110]            -0.027  0.399  -0.826  ...     295.0     992.0   1.01
σ_f[110]                 1.006  0.193   0.622  ...     295.0     992.0   1.01
σ_f[202]                 0.802  0.160   0.543  ...     296.0    1565.0   1.01
mu_log_var_f[163]       -0.500  0.463  -1.341  ...     296.0     372.0   1.02
log_var[202]            -0.479  0.392  -1.182  ...     296.0    1565.0   1.01
mu_log_var_f[208]       -0.411  0.558  -1.497  ...     299.0     508.0   1.01
σ_f[501]                 1.202  0.126   0.990  ...     300.0    1556.0   1.01
log_var[252]             0.259  0.350  -0.335  ...     300.0    1735.0   1.01
log_var[501]             0.358  0.206  -0.008  ...     300.0    1556.0   1.01
σ_f[252]                 1.157  0.213   0.839  ...     300.0    1735.0   1.01
σ_f[170]                 1.210  0.254   0.844  ...     302.0    1431.0   1.01
log_var[295]             0.181  0.170  -0.107  ...     302.0    1379.0   1.01
σ_f[295]                 1.099  0.095   0.948  ...     302.0    1379.0   1.01
log_var[170]             0.343  0.383  -0.284  ...     302.0    1431.0   1.01
σ_f[157]                 1.138  0.164   0.872  ...     304.0    1550.0   1.01
mu_log_var_f[142]        0.197  0.412  -0.235  ...     304.0     395.0   1.03
log_var[157]             0.239  0.276  -0.221  ...     304.0    1550.0   1.01
σ_f[374]                 1.141  0.105   0.966  ...     304.0    1521.0   1.01
log_var[374]             0.255  0.181  -0.069  ...     304.0    1521.0   1.01
log_var[27]              0.404  0.220   0.019  ...     306.0    1695.0   1.01
σ_f[27]                  1.231  0.139   0.999  ...     306.0    1695.0   1.01
σ_f[176]                 0.913  0.220   0.518  ...     307.0    2045.0   1.01
log_var[176]            -0.243  0.503  -1.237  ...     307.0    2045.0   1.01
σ_f[114]                 1.073  0.192   0.782  ...     309.0    1810.0   1.01
mu_log_var_f[30]        -0.182  0.380  -1.146  ...     309.0     710.0   1.02
log_var[114]             0.112  0.341  -0.476  ...     309.0    1810.0   1.01
mu_log_var_f[7]         -0.432  0.456  -1.274  ...     310.0     375.0   1.01
mu_log_var_f[33]        -0.596  0.448  -1.390  ...     311.0     422.0   1.01
mu_log_var_f[264]       -0.560  0.526  -1.540  ...     314.0     499.0   1.02
σ_f[79]                  1.004  0.201   0.602  ...     314.0    1034.0   1.01
log_var[79]             -0.035  0.428  -0.944  ...     314.0    1034.0   1.01
σ_f[163]                 0.849  0.133   0.609  ...     316.0    1793.0   1.01
log_var[163]            -0.353  0.317  -0.929  ...     316.0    1793.0   1.01
σ_f[96]                  0.965  0.372   0.369  ...     317.0    1334.0   1.01
σ_f[2]                   1.007  0.204   0.569  ...     317.0     858.0   1.01
log_var[96]             -0.213  0.758  -1.724  ...     317.0    1334.0   1.01
σ_f[220]                 0.819  0.092   0.647  ...     317.0    1294.0   1.01
log_var[2]              -0.032  0.439  -0.991  ...     317.0     858.0   1.01
log_var[220]            -0.412  0.229  -0.852  ...     317.0    1294.0   1.01
mu_log_var_f[110]       -0.174  0.371  -1.036  ...     319.0     738.0   1.02
mu_log_var_f[212]       -0.481  0.564  -1.571  ...     320.0     544.0   1.01
log_var[100]             0.329  0.390  -0.376  ...     322.0    1504.0   1.01
σ_f[100]                 1.202  0.241   0.818  ...     322.0    1504.0   1.01
σ_f[142]                 1.211  0.256   0.839  ...     323.0    1329.0   1.01
log_var[142]             0.344  0.385  -0.286  ...     323.0    1329.0   1.01
σ_f[70]                  1.174  0.110   0.988  ...     325.0    1489.0   1.01
log_var[70]              0.313  0.184  -0.003  ...     325.0    1489.0   1.01
σ_f[528]                 0.906  0.077   0.765  ...     327.0    2187.0   1.01
mu_log_var_f[95]        -0.181  0.381  -1.199  ...     327.0     670.0   1.02
log_var[528]            -0.204  0.172  -0.535  ...     327.0    2187.0   1.01
log_var[331]            -0.241  0.228  -0.653  ...     328.0    2318.0   1.01
σ_f[331]                 0.892  0.099   0.702  ...     328.0    2318.0   1.01
mu_log_var_f[153]       -0.371  0.637  -1.623  ...     328.0     570.0   1.01
σ_f[34]                  1.260  0.146   1.015  ...     329.0    1305.0   1.01
log_var[34]              0.450  0.228   0.058  ...     329.0    1305.0   1.01
log_var[546]            -0.148  0.147  -0.426  ...     331.0    2020.0   1.01
σ_f[546]                 0.931  0.068   0.808  ...     331.0    2020.0   1.01
mu_log_var_f[155]       -0.341  0.645  -1.554  ...     336.0     444.0   1.01
σ_f[259]                 0.913  0.170   0.626  ...     336.0    1464.0   1.01
log_var[259]            -0.216  0.369  -0.888  ...     336.0    1464.0   1.01
mu_log_var_f[471]       -0.448  0.453  -1.323  ...     336.0     387.0   1.01
log_var[497]             0.124  0.138  -0.103  ...     337.0    1486.0   1.01
mu_log_var_f[15]        -0.182  0.373  -1.058  ...     337.0     590.0   1.02
σ_f[497]                 1.066  0.075   0.939  ...     337.0    1486.0   1.01
mu_log_var_f[224]       -0.717  0.537  -1.681  ...     337.0     434.0   1.01
mu_log_var_f[205]       -0.366  0.401  -1.122  ...     338.0     420.0   1.01
mu_log_var_f[168]       -0.530  0.613  -1.695  ...     338.0     642.0   1.01
mu_log_var_f[136]       -0.013  0.483  -0.835  ...     339.0     479.0   1.01
mu_log_var_f[130]       -0.174  0.367  -1.032  ...     340.0     610.0   1.02
mu_log_var_f[79]        -0.182  0.396  -1.169  ...     340.0     733.0   1.02
mu_log_var_f[494]       -0.093  0.519  -1.014  ...     342.0     451.0   1.01
mu_log_var_f[23]        -0.564  0.436  -1.338  ...     343.0     466.0   1.01
mu_log_var_f[396]       -0.054  0.508  -0.985  ...     343.0     441.0   1.01
mu_log_var_f[461]       -0.374  0.417  -1.127  ...     344.0     431.0   1.01
mu_log_var_f[32]        -0.563  0.436  -1.446  ...     345.0     386.0   1.01
mu_log_var_f[220]       -0.559  0.433  -1.322  ...     345.0     407.0   1.01
mu_log_var_f[233]        0.420  0.585  -0.580  ...     345.0     709.0   1.01
σ_f[17]                  1.272  0.178   0.984  ...     346.0    1376.0   1.01
σ_f[109]                 0.877  0.150   0.588  ...     346.0    1660.0   1.01
log_var[17]              0.463  0.272  -0.022  ...     346.0    1376.0   1.01
log_var[109]            -0.293  0.353  -0.951  ...     346.0    1660.0   1.01
mu_log_var_f[235]        0.056  0.379  -0.625  ...     348.0     463.0   1.02
log_var[23]             -0.417  0.246  -0.887  ...     350.0    1880.0   1.01
σ_f[23]                  0.818  0.097   0.624  ...     350.0    1880.0   1.01
u_rotated_log_var_f[1]  -0.038  0.310  -0.614  ...     352.0     434.0   1.01
mu_log_var_f[331]       -0.388  0.435  -1.143  ...     352.0     435.0   1.01
mu_log_var_f[20]        -0.024  0.368  -0.707  ...     353.0     554.0   1.02
mu_log_var_f[99]        -0.578  0.457  -1.379  ...     354.0     427.0   1.01
log_var[208]            -0.264  0.410  -1.050  ...     354.0    1667.0   1.01
log_var[549]            -0.142  0.118  -0.360  ...     354.0    1422.0   1.02
log_var[436]            -0.143  0.113  -0.359  ...     354.0    1372.0   1.02
ls_v[0]                  2.417  1.039   0.969  ...     354.0     738.0   1.00
log_ls_v[0]              0.807  0.380   0.119  ...     354.0     738.0   1.00
σ_f[208]                 0.894  0.171   0.565  ...     354.0    1667.0   1.01
σ_f[436]                 0.933  0.052   0.836  ...     354.0    1372.0   1.02
σ_f[549]                 0.933  0.054   0.835  ...     354.0    1422.0   1.02
mu_log_var_f[118]       -0.525  0.413  -1.281  ...     356.0     436.0   1.01
mu_log_var_f[183]       -0.594  0.536  -1.651  ...     356.0     465.0   1.01
σ_f[164]                 1.199  0.132   0.986  ...     358.0    1606.0   1.01
log_var[164]             0.351  0.214  -0.027  ...     358.0    1606.0   1.01
mu_log_var_f[90]         0.209  0.493  -0.685  ...     358.0     769.0   1.00
mu_log_var_f[92]         0.422  0.531  -0.646  ...     358.0     606.0   1.00
mu_log_var_f[206]       -0.661  0.622  -1.883  ...     359.0     582.0   1.01
mu_log_var_f[5]         -0.587  0.431  -1.312  ...     361.0     479.0   1.01
mu_log_var_f[11]         0.523  0.567  -0.606  ...     362.0     639.0   1.00
log_var[433]            -0.151  0.121  -0.378  ...     363.0    1565.0   1.01
log_var[396]             0.093  0.354  -0.567  ...     363.0    2651.0   1.01
σ_f[396]                 1.064  0.188   0.732  ...     363.0    2651.0   1.01
σ_f[433]                 0.929  0.056   0.827  ...     363.0    1565.0   1.01
mu_log_var_f[217]       -0.208  0.467  -1.112  ...     364.0     480.0   1.02
mu_log_var_f[436]       -0.290  0.380  -0.987  ...     364.0     474.0   1.01
mu_log_var_f[528]       -0.352  0.403  -1.059  ...     364.0     430.0   1.01
mu_log_var_f[270]        0.089  0.419  -0.619  ...     365.0     426.0   1.02
log_var[61]              0.050  0.181  -0.275  ...     365.0    1958.0   1.01
σ_f[61]                  1.030  0.095   0.871  ...     365.0    1958.0   1.01
mu_log_var_f[549]       -0.289  0.380  -1.031  ...     365.0     448.0   1.01
mu_log_var_f[546]       -0.295  0.391  -0.993  ...     365.0     443.0   1.01
mu_log_var_f[426]       -0.280  0.380  -1.089  ...     366.0     472.0   1.01
mu_log_var_f[247]        0.230  0.486  -0.697  ...     366.0     532.0   1.00
mu_log_var_f[468]       -0.289  0.380  -1.006  ...     366.0     465.0   1.01
mu_log_var_f[433]       -0.298  0.383  -0.996  ...     368.0     457.0   1.01
σ_f[16]                  1.015  0.231   0.487  ...     368.0     724.0   1.01
log_var[16]             -0.031  0.527  -1.185  ...     368.0     724.0   1.01
σ_f[494]                 1.045  0.189   0.710  ...     370.0    2643.0   1.01
log_var[494]             0.055  0.364  -0.571  ...     370.0    2643.0   1.01
mu_log_var_f[324]       -0.274  0.379  -0.968  ...     371.0     475.0   1.01
mu_log_var_f[408]       -0.268  0.377  -0.974  ...     371.0     481.0   1.01
mu_log_var_f[427]       -0.277  0.378  -1.010  ...     371.0     482.0   1.01
log_var[504]             0.183  0.165  -0.085  ...     372.0    2079.0   1.01
σ_f[282]                 1.061  0.070   0.944  ...     372.0    1548.0   1.01
log_var[282]             0.114  0.129  -0.116  ...     372.0    1548.0   1.01
σ_f[504]                 1.099  0.093   0.948  ...     372.0    2079.0   1.01
mu_log_var_f[421]       -0.272  0.378  -1.029  ...     373.0     480.0   1.01
mu_log_var_f[538]       -0.277  0.379  -1.039  ...     373.0     477.0   1.01
mu_log_var_f[390]       -0.270  0.377  -0.989  ...     373.0     472.0   1.01
mu_log_var_f[22]         0.269  0.465  -0.644  ...     373.0     560.0   1.00
σ_f[64]                  1.523  0.461   0.875  ...     373.0    1854.0   1.01
log_var[64]              0.761  0.553  -0.210  ...     373.0    1854.0   1.01
mu_log_var_f[215]       -0.080  0.496  -0.988  ...     373.0     466.0   1.01
mu_log_var_f[526]       -0.253  0.376  -0.961  ...     374.0     479.0   1.01
mu_log_var_f[314]       -0.265  0.378  -1.026  ...     374.0     462.0   1.01
log_var[60]             -0.054  0.482  -1.065  ...     374.0    1178.0   1.01
σ_f[60]                  1.001  0.231   0.557  ...     374.0    1178.0   1.01
mu_log_var_f[518]       -0.268  0.378  -1.076  ...     374.0     486.0   1.01
mu_log_var_f[467]       -0.258  0.377  -0.996  ...     374.0     487.0   1.01
mu_log_var_f[509]       -0.286  0.379  -1.046  ...     375.0     482.0   1.01
mu_log_var_f[472]       -0.259  0.378  -1.026  ...     375.0     496.0   1.01
mu_log_var_f[414]       -0.273  0.378  -1.036  ...     375.0     483.0   1.01
mu_log_var_f[465]       -0.268  0.378  -1.011  ...     375.0     459.0   1.01
mu_log_var_f[531]       -0.251  0.381  -1.027  ...     375.0     488.0   1.01
mu_log_var_f[527]       -0.260  0.377  -0.997  ...     375.0     485.0   1.01
mu_log_var_f[304]       -0.272  0.378  -1.029  ...     375.0     480.0   1.01
mu_log_var_f[328]       -0.266  0.377  -1.026  ...     375.0     487.0   1.01
mu_log_var_f[516]       -0.275  0.378  -1.018  ...     375.0     484.0   1.01
mu_log_var_f[456]       -0.266  0.377  -1.006  ...     376.0     484.0   1.01
mu_log_var_f[409]       -0.252  0.376  -0.953  ...     376.0     478.0   1.01
mu_log_var_f[536]       -0.265  0.377  -1.034  ...     376.0     484.0   1.01
mu_log_var_f[317]       -0.279  0.378  -0.968  ...     376.0     479.0   1.01
u_log_var_f[6]          -0.309  0.406  -1.067  ...     377.0     460.0   1.01
mu_log_var_f[448]       -0.277  0.378  -1.038  ...     377.0     483.0   1.01
mu_log_var_f[308]       -0.267  0.377  -1.015  ...     377.0     486.0   1.01
mu_log_var_f[492]       -0.260  0.377  -1.007  ...     377.0     489.0   1.01
mu_log_var_f[443]       -0.266  0.377  -1.013  ...     377.0     487.0   1.01
mu_log_var_f[453]       -0.270  0.378  -1.039  ...     377.0     482.0   1.01
mu_log_var_f[44]         0.063  0.442  -0.784  ...     378.0     566.0   1.00
mu_log_var_f[81]         0.135  0.436  -0.733  ...     378.0     530.0   1.00
log_var[56]              0.414  0.365  -0.204  ...     378.0    1952.0   1.01
log_var[469]             0.133  0.143  -0.109  ...     378.0    1833.0   1.01
σ_f[56]                  1.251  0.237   0.871  ...     378.0    1952.0   1.01
mu_log_var_f[441]       -0.240  0.375  -1.002  ...     378.0     490.0   1.01
σ_f[99]                  0.813  0.102   0.616  ...     378.0    1364.0   1.01
log_var[99]             -0.431  0.255  -0.914  ...     378.0    1364.0   1.01
mu_log_var_f[559]       -0.260  0.377  -1.008  ...     378.0     486.0   1.01
mu_log_var_f[464]       -0.260  0.377  -1.004  ...     378.0     486.0   1.01
σ_f[469]                 1.071  0.078   0.942  ...     378.0    1833.0   1.01
mu_log_var_f[292]       -0.255  0.376  -0.940  ...     379.0     491.0   1.01
mu_log_var_f[474]       -0.277  0.378  -0.950  ...     379.0     485.0   1.01
log_var[152]             0.400  0.253  -0.034  ...     379.0    1784.0   1.01
mu_log_var_f[425]       -0.260  0.377  -0.948  ...     379.0     491.0   1.01
σ_f[87]                  1.075  0.179   0.758  ...     379.0    1641.0   1.01
σ_f[152]                 1.232  0.162   0.971  ...     379.0    1784.0   1.01
log_var[87]              0.117  0.329  -0.525  ...     379.0    1641.0   1.01
mu_log_var_f[487]       -0.246  0.375  -0.992  ...     380.0     493.0   1.01
mu_log_var_f[490]       -0.239  0.378  -1.014  ...     380.0     488.0   1.01
mu_log_var_f[435]       -0.244  0.376  -0.931  ...     380.0     488.0   1.01
mu_log_var_f[327]       -0.256  0.376  -0.943  ...     380.0     492.0   1.01
mu_log_var_f[430]       -0.404  0.460  -1.291  ...     380.0     475.0   1.01
mu_log_var_f[477]       -0.248  0.376  -0.996  ...     380.0     494.0   1.01
mu_log_var_f[296]       -0.244  0.375  -0.991  ...     380.0     494.0   1.01
log_var[118]            -0.378  0.186  -0.738  ...     381.0    1797.0   1.01
mu_log_var_f[429]       -0.254  0.376  -0.946  ...     381.0     486.0   1.01
σ_f[118]                 0.831  0.076   0.689  ...     381.0    1797.0   1.01
mu_log_var_f[537]       -0.264  0.377  -1.034  ...     381.0     487.0   1.01
mu_log_var_f[505]       -0.248  0.376  -1.000  ...     381.0     493.0   1.01
mu_log_var_f[432]       -0.247  0.378  -1.008  ...     381.0     499.0   1.01
mu_log_var_f[493]       -0.243  0.378  -1.025  ...     381.0     496.0   1.01
mu_log_var_f[534]       -0.242  0.375  -1.000  ...     382.0     494.0   1.01
mu_log_var_f[521]       -0.228  0.375  -1.001  ...     382.0     488.0   1.01
mu_log_var_f[482]       -0.252  0.377  -1.026  ...     382.0     493.0   1.01
mu_log_var_f[473]       -0.254  0.377  -1.010  ...     382.0     489.0   1.01
log_var[264]            -0.413  0.400  -1.162  ...     383.0    1841.0   1.01
σ_f[264]                 0.830  0.163   0.533  ...     383.0    1841.0   1.01
log_var[119]             0.219  0.205  -0.122  ...     383.0    2274.0   1.01
σ_f[119]                 1.122  0.118   0.929  ...     383.0    2274.0   1.01
mu_log_var_f[479]       -0.245  0.375  -1.001  ...     383.0     498.0   1.01
mu_log_var_f[369]       -0.241  0.381  -1.005  ...     383.0     491.0   1.01
mu_log_var_f[83]        -0.166  0.619  -1.332  ...     383.0     663.0   1.01
mu_log_var_f[544]       -0.246  0.376  -1.003  ...     383.0     496.0   1.01
log_var[470]             0.202  0.166  -0.063  ...     383.0    2323.0   1.01
σ_f[325]                 1.144  0.103   0.979  ...     383.0    2105.0   1.01
log_var[325]             0.261  0.175  -0.039  ...     383.0    2105.0   1.01
σ_f[470]                 1.110  0.094   0.958  ...     383.0    2323.0   1.01
mu_log_var_f[418]       -0.234  0.375  -0.938  ...     384.0     494.0   1.01
mu_log_var_f[393]       -0.246  0.379  -0.936  ...     384.0     488.0   1.01
mu_log_var_f[216]       -0.510  0.569  -1.604  ...     384.0     608.0   1.02
mu_log_var_f[500]       -0.236  0.375  -0.999  ...     384.0     494.0   1.01
mu_log_var_f[556]       -0.235  0.375  -0.999  ...     384.0     494.0   1.01
mu_log_var_f[299]       -0.243  0.376  -0.924  ...     385.0     500.0   1.01
mu_log_var_f[511]       -0.240  0.376  -0.997  ...     385.0     490.0   1.01
mu_log_var_f[489]       -0.231  0.375  -0.981  ...     385.0     494.0   1.01
mu_log_var_f[447]       -0.225  0.374  -0.988  ...     385.0     501.0   1.01
mu_log_var_f[12]        -0.301  0.529  -1.259  ...     385.0     579.0   1.01
mu_log_var_f[192]       -0.719  0.438  -1.565  ...     385.0     449.0   1.01
mu_log_var_f[454]       -0.254  0.376  -0.946  ...     385.0     488.0   1.01
mu_log_var_f[306]       -0.261  0.377  -0.959  ...     385.0     491.0   1.01
mu_log_var_f[311]       -0.234  0.377  -0.964  ...     385.0     486.0   1.01
mu_log_var_f[400]       -0.227  0.375  -0.996  ...     385.0     510.0   1.01
mu_log_var_f[310]       -0.235  0.375  -0.993  ...     385.0     498.0   1.01
mu_log_var_f[80]        -0.309  0.414  -1.134  ...     385.0     506.0   1.01
mu_log_var_f[535]       -0.289  0.380  -1.061  ...     385.0     494.0   1.01
mu_log_var_f[117]        0.253  0.434  -0.652  ...     386.0     555.0   1.00
mu_log_var_f[519]       -0.237  0.376  -0.998  ...     386.0     498.0   1.01
mu_log_var_f[463]       -0.322  0.417  -1.119  ...     386.0     492.0   1.01
mu_log_var_f[451]       -0.245  0.375  -1.003  ...     386.0     499.0   1.01
mu_log_var_f[481]       -0.241  0.376  -1.003  ...     386.0     503.0   1.01
mu_log_var_f[444]       -0.243  0.376  -1.003  ...     386.0     498.0   1.01
mu_log_var_f[558]       -0.256  0.377  -1.034  ...     386.0     500.0   1.01
mu_log_var_f[62]         0.180  0.453  -0.726  ...     386.0     537.0   1.00
σ_f[136]                 1.086  0.198   0.753  ...     386.0    1509.0   1.01
mu_log_var_f[320]       -0.225  0.375  -0.987  ...     386.0     500.0   1.01
mu_log_var_f[358]       -0.221  0.375  -0.994  ...     386.0     513.0   1.01
log_var[136]             0.134  0.350  -0.491  ...     386.0    1509.0   1.01
mu_log_var_f[335]       -0.229  0.374  -0.948  ...     387.0     505.0   1.01
mu_log_var_f[372]       -0.226  0.374  -0.922  ...     387.0     501.0   1.01
mu_log_var_f[371]       -0.238  0.375  -0.930  ...     387.0     490.0   1.01
mu_log_var_f[523]       -0.220  0.375  -0.908  ...     387.0     510.0   1.01
mu_log_var_f[458]       -0.231  0.375  -0.999  ...     387.0     503.0   1.01
mu_log_var_f[28]        -0.421  0.397  -1.136  ...     387.0     461.0   1.01
mu_log_var_f[342]       -0.245  0.376  -0.974  ...     388.0     498.0   1.01
u_log_var_f[17]         -0.315  0.403  -1.041  ...     388.0     466.0   1.01
mu_log_var_f[545]       -0.287  0.379  -0.988  ...     388.0     494.0   1.01
mu_log_var_f[362]       -0.222  0.374  -0.989  ...     388.0     502.0   1.01
mu_log_var_f[397]       -0.226  0.375  -0.993  ...     388.0     501.0   1.01
mu_log_var_f[498]       -0.227  0.376  -0.994  ...     388.0     495.0   1.01
mu_log_var_f[333]       -0.227  0.374  -0.998  ...     388.0     500.0   1.01
mu_log_var_f[542]       -0.222  0.374  -0.990  ...     388.0     507.0   1.01
mu_log_var_f[186]       -0.391  0.519  -1.373  ...     388.0     592.0   1.01
mu_log_var_f[466]       -0.218  0.374  -0.982  ...     388.0     493.0   1.01
mu_log_var_f[383]       -0.210  0.374  -0.918  ...     389.0     514.0   1.01
mu_log_var_f[385]       -0.224  0.375  -0.911  ...     389.0     502.0   1.01
mu_log_var_f[445]       -0.212  0.373  -0.897  ...     389.0     505.0   1.01
mu_log_var_f[530]       -0.213  0.374  -0.989  ...     389.0     506.0   1.01
mu_log_var_f[340]       -0.211  0.374  -0.981  ...     389.0     507.0   1.01
mu_log_var_f[227]       -0.636  0.431  -1.408  ...     389.0     481.0   1.01
mu_log_var_f[380]       -0.211  0.376  -0.950  ...     389.0     501.0   1.01
mu_log_var_f[134]       -0.584  0.456  -1.471  ...     389.0     418.0   1.01
mu_log_var_f[411]       -0.213  0.375  -0.934  ...     390.0     506.0   1.01
mu_log_var_f[551]       -0.225  0.375  -0.986  ...     390.0     507.0   1.01
mu_log_var_f[330]       -0.242  0.376  -0.986  ...     390.0     500.0   1.01
mu_log_var_f[288]       -0.230  0.375  -0.934  ...     390.0     506.0   1.01
mu_log_var_f[496]       -0.224  0.375  -0.994  ...     390.0     514.0   1.01
mu_log_var_f[343]       -0.224  0.375  -0.942  ...     390.0     502.0   1.01
mu_log_var_f[353]       -0.220  0.375  -0.923  ...     390.0     506.0   1.01
mu_log_var_f[319]       -0.194  0.373  -0.929  ...     390.0     522.0   1.01
mu_log_var_f[507]       -0.247  0.377  -1.010  ...     390.0     499.0   1.01
mu_log_var_f[360]       -0.213  0.378  -0.958  ...     391.0     495.0   1.01
mu_log_var_f[508]       -0.206  0.375  -0.925  ...     391.0     505.0   1.01
mu_log_var_f[555]       -0.236  0.376  -0.998  ...     391.0     506.0   1.01
mu_log_var_f[285]       -0.220  0.375  -0.987  ...     391.0     509.0   1.01
mu_log_var_f[309]       -0.208  0.374  -0.987  ...     391.0     517.0   1.01
mu_log_var_f[318]       -0.224  0.375  -0.911  ...     391.0     508.0   1.01
log_var[468]            -0.142  0.107  -0.339  ...     391.0    1484.0   1.01
mu_log_var_f[363]       -0.216  0.384  -0.986  ...     391.0     491.0   1.01
σ_f[468]                 0.933  0.049   0.844  ...     391.0    1484.0   1.01
mu_log_var_f[297]       -0.219  0.374  -0.989  ...     391.0     503.0   1.01
mu_log_var_f[480]       -0.243  0.377  -1.013  ...     391.0     508.0   1.01
mu_log_var_f[553]       -0.219  0.375  -0.985  ...     391.0     514.0   1.01
mu_log_var_f[370]       -0.199  0.373  -0.905  ...     391.0     518.0   1.01
mu_log_var_f[301]       -0.212  0.375  -0.939  ...     392.0     511.0   1.01
u_log_var_f[1]          -0.211  0.376  -0.941  ...     392.0     506.0   1.01
mu_log_var_f[361]       -0.194  0.374  -0.931  ...     392.0     528.0   1.01
mu_log_var_f[344]       -0.192  0.374  -0.934  ...     392.0     518.0   1.01
mu_log_var_f[440]       -0.219  0.375  -0.910  ...     392.0     508.0   1.01
mu_log_var_f[485]       -0.212  0.373  -0.984  ...     392.0     508.0   1.01
mu_log_var_f[512]       -0.298  0.379  -0.998  ...     392.0     489.0   1.01
mu_log_var_f[128]        0.114  0.345  -0.436  ...     393.0     504.0   1.01
mu_log_var_f[513]       -0.205  0.374  -0.977  ...     393.0     520.0   1.01
mu_log_var_f[291]       -0.210  0.374  -0.983  ...     393.0     523.0   1.01
mu_log_var_f[543]       -0.212  0.374  -0.939  ...     393.0     505.0   1.01
mu_log_var_f[356]       -0.210  0.374  -0.981  ...     393.0     519.0   1.01
mu_log_var_f[337]       -0.198  0.374  -0.901  ...     393.0     522.0   1.01
mu_log_var_f[450]       -0.205  0.375  -0.902  ...     393.0     503.0   1.01
mu_log_var_f[557]       -0.202  0.373  -0.980  ...     393.0     522.0   1.01
mu_log_var_f[539]       -0.204  0.374  -0.980  ...     393.0     522.0   1.01
mu_log_var_f[475]       -0.212  0.375  -0.985  ...     393.0     516.0   1.01
mu_log_var_f[332]       -0.212  0.374  -0.980  ...     393.0     515.0   1.01
mu_log_var_f[94]        -0.377  0.586  -1.553  ...     393.0     583.0   1.01
mu_log_var_f[517]       -0.200  0.373  -0.901  ...     394.0     520.0   1.01
mu_log_var_f[323]       -0.210  0.373  -0.978  ...     394.0     514.0   1.01
mu_log_var_f[300]       -0.207  0.375  -0.895  ...     394.0     521.0   1.01
mu_log_var_f[321]       -0.206  0.373  -0.905  ...     394.0     519.0   1.01
mu_log_var_f[280]       -0.200  0.374  -0.910  ...     394.0     528.0   1.01
mu_log_var_f[402]       -0.216  0.375  -0.915  ...     394.0     514.0   1.01
mu_log_var_f[359]       -0.212  0.377  -0.951  ...     394.0     521.0   1.01
mu_log_var_f[387]       -0.197  0.375  -0.939  ...     394.0     519.0   1.01
mu_log_var_f[420]       -0.201  0.374  -0.900  ...     394.0     523.0   1.01
mu_log_var_f[483]       -0.200  0.374  -0.979  ...     394.0     529.0   1.01
mu_log_var_f[424]       -0.259  0.377  -1.028  ...     394.0     496.0   1.01
mu_log_var_f[367]       -0.233  0.379  -0.942  ...     395.0     527.0   1.01
mu_log_var_f[345]       -0.205  0.375  -0.908  ...     395.0     524.0   1.01
log_ls[2]                0.556  0.496  -0.323  ...     395.0     920.0   1.01
ls[2]                    2.001  1.292   0.552  ...     395.0     920.0   1.01
mu_log_var_f[503]       -0.235  0.394  -0.994  ...     395.0     511.0   1.01
mu_log_var_f[525]       -0.204  0.375  -0.904  ...     395.0     524.0   1.01
mu_log_var_f[406]       -0.195  0.374  -0.899  ...     395.0     529.0   1.01
mu_log_var_f[284]       -0.184  0.375  -0.931  ...     395.0     515.0   1.01
mu_log_var_f[307]       -0.194  0.374  -0.910  ...     395.0     529.0   1.01
mu_log_var_f[375]       -0.197  0.374  -0.898  ...     396.0     527.0   1.01
mu_log_var_f[510]       -0.196  0.374  -0.914  ...     396.0     522.0   1.01
mu_log_var_f[281]       -0.192  0.374  -0.913  ...     396.0     529.0   1.01
mu_log_var_f[302]       -0.190  0.374  -0.907  ...     396.0     529.0   1.01
mu_log_var_f[449]       -0.210  0.375  -0.912  ...     396.0     524.0   1.01
mu_log_var_f[437]       -0.194  0.374  -0.898  ...     396.0     524.0   1.01
mu_log_var_f[225]       -0.293  0.469  -1.119  ...     396.0     559.0   1.01
mu_log_var_f[336]       -0.182  0.374  -0.930  ...     396.0     525.0   1.01
mu_log_var_f[350]       -0.205  0.375  -0.904  ...     396.0     523.0   1.01
u_log_var_f[12]         -0.334  0.420  -1.123  ...     397.0     470.0   1.01
mu_log_var_f[515]       -0.203  0.375  -0.905  ...     397.0     524.0   1.01
mu_log_var_f[412]       -0.206  0.375  -0.914  ...     397.0     517.0   1.01
mu_log_var_f[533]       -0.413  0.428  -1.210  ...     397.0     495.0   1.01
mu_log_var_f[419]       -0.205  0.377  -0.944  ...     397.0     529.0   1.01
mu_log_var_f[2]         -0.179  0.420  -1.337  ...     397.0     655.0   1.02
mu_log_var_f[283]       -0.192  0.374  -0.893  ...     397.0     525.0   1.01
mu_log_var_f[329]       -0.173  0.373  -0.884  ...     397.0     529.0   1.01
mu_log_var_f[378]       -0.191  0.374  -0.914  ...     397.0     529.0   1.01
mu_log_var_f[316]       -0.183  0.375  -0.929  ...     397.0     535.0   1.01
mu_log_var_f[349]       -0.199  0.377  -0.891  ...     397.0     524.0   1.01
mu_log_var_f[540]       -0.194  0.375  -0.916  ...     398.0     511.0   1.01
mu_log_var_f[415]       -0.187  0.373  -0.905  ...     398.0     530.0   1.01
mu_log_var_f[305]       -0.182  0.373  -0.885  ...     398.0     530.0   1.01
mu_log_var_f[405]       -0.182  0.373  -0.905  ...     398.0     530.0   1.01
mu_log_var_f[462]       -0.171  0.373  -0.877  ...     398.0     528.0   1.01
mu_log_var_f[322]       -0.223  0.376  -0.945  ...     399.0     507.0   1.01
mu_log_var_f[286]       -0.189  0.375  -0.905  ...     399.0     529.0   1.01
mu_log_var_f[347]       -0.181  0.375  -0.887  ...     399.0     528.0   1.01
mu_log_var_f[431]       -0.232  0.398  -0.993  ...     399.0     512.0   1.01
mu_log_var_f[541]       -0.176  0.373  -0.886  ...     399.0     531.0   1.01
mu_log_var_f[256]       -0.307  0.400  -1.061  ...     399.0     549.0   1.01
mu_log_var_f[376]       -0.213  0.375  -0.964  ...     399.0     521.0   1.01
mu_log_var_f[552]       -0.186  0.375  -0.893  ...     399.0     526.0   1.01

[520 rows x 9 columns]/Users/user1/miniforge3/envs/bhs_env/lib/python3.11/site-packages/pymc/model/fgraph.py:163: UserWarning: Detected variables likely created by GP objects. Further use of these old GP objects should be avoided as it may reintroduce variables from the old model. See issue: https://github.com/pymc-devs/pymc/issues/6883
  warnings.warn(

rhats:  [('log_ls', 1.0132012661618104), ('log_eta', 1.0017160095394357), ('u_rotated_μ', 1.0040064255460037), ('log_ls_v', 1.0247245944339836), ('log_eta_v', 1.0046325051708729), ('alpha_log_var', 1.0074738221677682), ('u_rotated_log_var_f', 1.012876314166228), ('ls', 1.0132012661618104), ('eta', 1.0017160095394357), ('u_μ', 1.0075574307480075), ('mu_μ', 1.0100283161699886), ('ls_v', 1.0247245944339836), ('eta_v', 1.0046325051708729), ('u_log_var_f', 1.0174404608000505), ('mu_log_var_f', 1.0265191400669915), ('log_var', 1.0212089509949955), ('σ_f', 1.0212089509949955)]
Computing ... ━━━━━━━━━━━━━━━━━━━━━━━━━━━━━━━━━━━━━━━━ 100% 0:00:00
/Users/user1/miniforge3/envs/bhs_env/lib/python3.11/site-packages/arviz/stats/stats.py:1045: RuntimeWarning: overflow encountered in exp
  weights = 1 / np.exp(len_scale - len_scale[:, None]).sum(axis=1)
/Users/user1/miniforge3/envs/bhs_env/lib/python3.11/site-packages/arviz/stats/stats.py:797: UserWarning: Estimated shape parameter of Pareto distribution is greater than 0.70 for one or more samples. You should consider using a more robust model, this is because importance sampling is less likely to work well if the marginal posterior and LOO posterior are very different. This is more likely to happen with a non-robust model and highly influential observations.
  warnings.warn(
loo trace:  Computed from 4000 posterior samples and 560 observations log-likelihood matrix.

         Estimate       SE
elpd_loo -191364.97  51518.12
p_loo    190596.84        -

There has been a warning during the calculation. Please check the results.
------

Pareto k diagnostic values:
                         Count   Pct.
(-Inf, 0.70]   (good)      473   84.5%
   (0.70, 1]   (bad)        14    2.5%
   (1, Inf)   (very bad)   73   13.0%

Traceback (most recent call last):
  File "/Users/user1/miniforge3/envs/bhs_env/lib/python3.11/site-packages/xarray/backends/file_manager.py", line 211, in _acquire_with_cache_info
    file = self._cache[self._key]
           ~~~~~~~~~~~^^^^^^^^^^^
  File "/Users/user1/miniforge3/envs/bhs_env/lib/python3.11/site-packages/xarray/backends/lru_cache.py", line 56, in __getitem__
    value = self._cache[key]
            ~~~~~~~~~~~^^^^^
KeyError: [<class 'h5netcdf.core.File'>, ('/Users/user1/BayestarML_CL/BayestarML/Outputs700MS/GPmass/GPmassMS50_20_1000_0.95NUTPIE.nc',), 'a', (('decode_vlen_strings', True), ('driver', None), ('invalid_netcdf', None)), 'be20bf06-bf77-485f-853d-623872501f5d']

During handling of the above exception, another exception occurred:

Traceback (most recent call last):
  File "/Users/user1/BayeStarML_CL/BayestarML/exec_trainer.py", line 268, in <module>
    mass_train_GP(dataset, 50, 20, 1000, target_accept=0.95, nutpie=True)
  File "/Users/user1/BayeStarML_CL/BayestarML/exec_trainer.py", line 66, in mass_train_GP
    trace = train(model,
            ^^^^^^^^^^^^
  File "/Users/user1/BayestarML_CL/BayestarML/utils.py", line 137, in train
    trace.to_netcdf(filename)
  File "/Users/user1/miniforge3/envs/bhs_env/lib/python3.11/site-packages/arviz/data/inference_data.py", line 519, in to_netcdf
    data.to_netcdf(filename, mode=mode, group=f"{base_group}/{group}", **kwargs)
  File "/Users/user1/miniforge3/envs/bhs_env/lib/python3.11/site-packages/xarray/core/dataset.py", line 2021, in to_netcdf
    return to_netcdf(  # type: ignore[return-value]  # mypy cannot resolve the overloads:(
           ^^^^^^^^^^^^^^^^^^^^^^^^^^^^^^^^^^^^^^^^^^^^^^^^^^^^^^^^^^^^^^^^^^^^^^^^^^^^^^^
  File "/Users/user1/miniforge3/envs/bhs_env/lib/python3.11/site-packages/xarray/backends/api.py", line 1911, in to_netcdf
    store = store_open(target, mode, format, group, **kwargs)
            ^^^^^^^^^^^^^^^^^^^^^^^^^^^^^^^^^^^^^^^^^^^^^^^^^
  File "/Users/user1/miniforge3/envs/bhs_env/lib/python3.11/site-packages/xarray/backends/h5netcdf_.py", line 194, in open
    return cls(manager, group=group, mode=mode, lock=lock, autoclose=autoclose)
           ^^^^^^^^^^^^^^^^^^^^^^^^^^^^^^^^^^^^^^^^^^^^^^^^^^^^^^^^^^^^^^^^^^^^
  File "/Users/user1/miniforge3/envs/bhs_env/lib/python3.11/site-packages/xarray/backends/h5netcdf_.py", line 133, in __init__
    self._filename = find_root_and_group(self.ds)[0].filename
                                         ^^^^^^^
  File "/Users/user1/miniforge3/envs/bhs_env/lib/python3.11/site-packages/xarray/backends/h5netcdf_.py", line 205, in ds
    return self._acquire()
           ^^^^^^^^^^^^^^^
  File "/Users/user1/miniforge3/envs/bhs_env/lib/python3.11/site-packages/xarray/backends/h5netcdf_.py", line 197, in _acquire
    with self._manager.acquire_context(needs_lock) as root:
  File "/Users/user1/miniforge3/envs/bhs_env/lib/python3.11/contextlib.py", line 137, in __enter__
    return next(self.gen)
           ^^^^^^^^^^^^^^
  File "/Users/user1/miniforge3/envs/bhs_env/lib/python3.11/site-packages/xarray/backends/file_manager.py", line 199, in acquire_context
    file, cached = self._acquire_with_cache_info(needs_lock)
                   ^^^^^^^^^^^^^^^^^^^^^^^^^^^^^^^^^^^^^^^^^
  File "/Users/user1/miniforge3/envs/bhs_env/lib/python3.11/site-packages/xarray/backends/file_manager.py", line 217, in _acquire_with_cache_info
    file = self._opener(*self._args, **kwargs)
           ^^^^^^^^^^^^^^^^^^^^^^^^^^^^^^^^^^^
  File "/Users/user1/miniforge3/envs/bhs_env/lib/python3.11/site-packages/h5netcdf/core.py", line 1051, in __init__
    self._h5file = self._h5py.File(
                   ^^^^^^^^^^^^^^^^
  File "/Users/user1/miniforge3/envs/bhs_env/lib/python3.11/site-packages/h5py/_hl/files.py", line 564, in __init__
    fid = make_fid(name, mode, userblock_size, fapl, fcpl, swmr=swmr)
          ^^^^^^^^^^^^^^^^^^^^^^^^^^^^^^^^^^^^^^^^^^^^^^^^^^^^^^^^^^^
  File "/Users/user1/miniforge3/envs/bhs_env/lib/python3.11/site-packages/h5py/_hl/files.py", line 244, in make_fid
    fid = h5f.create(name, h5f.ACC_TRUNC, fapl=fapl, fcpl=fcpl)
          ^^^^^^^^^^^^^^^^^^^^^^^^^^^^^^^^^^^^^^^^^^^^^^^^^^^^^
  File "h5py/_objects.pyx", line 56, in h5py._objects.with_phil.wrapper
  File "h5py/_objects.pyx", line 57, in h5py._objects.with_phil.wrapper
  File "h5py/h5f.pyx", line 122, in h5py.h5f.create
BlockingIOError: [Errno 35] Unable to synchronously create file (unable to lock file, errno = 35, error message = 'Resource temporarily unavailable')
