6049.532828467154 4.194815571906934 -0.07372627737226277 4.570844713503649 1.1729082481751822 1.5180168065693431
883.6479172901575 0.26062665391530143 0.206572663121033 11.125493190961159 0.32731139416942934 0.5535885051225802
-------Start BART buisness----------
Multiprocess sampling (4 chains in 4 jobs)
CompoundStep
>NUTS: [X_dist, sig]
>PGBART: [mu]
-----------Start BART Sampling------------
                                                                                                                        
  Progress                         Draws   Divergences   Step size   Grad evals   Sampling Speed   Elapsed   Remaining  
 ────────────────────────────────────────────────────────────────────────────────────────────────────────────────────── 
  ━━━━━━━━━━━━━━━━━━━━━━━━━━━━━━   4000    0             0.34        15           10.95 draws/s    0:06:05   0:00:00    
  ━━━━━━━━━━━━━━━━━━━━━━━━━━━━━━   4000    0             0.29        15           10.91 draws/s    0:06:06   0:00:00    
  ━━━━━━━━━━━━━━━━━━━━━━━━━━━━━━   4000    0             0.34        15           10.96 draws/s    0:06:04   0:00:00    
  ━━━━━━━━━━━━━━━━━━━━━━━━━━━━━━   4000    0             0.29        15           10.81 draws/s    0:06:10   0:00:00    
                                                                                                                        
Sampling 4 chains for 2_000 tune and 2_000 draw iterations (8_000 + 8_000 draws total) took 380 seconds.
The rhat statistic is larger than 1.01 for some parameters. This indicates problems during sampling. See https://arxiv.org/abs/1903.08008 for details
Computing ... ━━━━━━━━━━━━━━━━━━━━━━━━━━━━━━━━━━━━━━━━ 100% 0:00:00
/Users/user1/miniforge3/envs/bhs_env/lib/python3.11/site-packages/arviz/stats/stats.py:797: UserWarning: Estimated shape parameter of Pareto distribution is greater than 0.70 for one or more samples. You should consider using a more robust model, this is because importance sampling is less likely to work well if the marginal posterior and LOO posterior are very different. This is more likely to happen with a non-robust model and highly influential observations.
  warnings.warn(
/Users/user1/miniforge3/envs/bhs_env/lib/python3.11/site-packages/arviz/stats/stats.py:797: UserWarning: Estimated shape parameter of Pareto distribution is greater than 0.70 for one or more samples. You should consider using a more robust model, this is because importance sampling is less likely to work well if the marginal posterior and LOO posterior are very different. This is more likely to happen with a non-robust model and highly influential observations.
  warnings.warn(
Sampling: [X_dist, mu, y]
Rhats
 [('X_dist', 1.0044775659716993), ('mu', 1.0311867039712541), ('sig', 1.0038573437667364)]
LOO
 Computed from 8000 posterior samples and 548 observations log-likelihood matrix.

         Estimate       SE
elpd_loo  -195.49    69.80
p_loo       85.67        -

There has been a warning during the calculation. Please check the results.
------

Pareto k diagnostic values:
                         Count   Pct.
(-Inf, 0.70]   (good)      545   99.5%
   (0.70, 1]   (bad)         1    0.2%
   (1, Inf)   (very bad)    2    0.4%

Sampling ... ━━━━━━━━━━━━━━━━━━━━━━━━━━━━━━━━━━━━━━━━ 100% 0:00:00 / 0:04:10
/Users/user1/miniforge3/envs/bhs_env/lib/python3.11/site-packages/arviz/stats/stats.py:797: UserWarning: Estimated shape parameter of Pareto distribution is greater than 0.70 for one or more samples. You should consider using a more robust model, this is because importance sampling is less likely to work well if the marginal posterior and LOO posterior are very different. This is more likely to happen with a non-robust model and highly influential observations.
  warnings.warn(
Sampling: [X_new_latent, X_var_new_latent, f_mu_pred, log_var_pred_latent, y_pred]
-------Start GP buisness----------
Sampling ... ━━━━━━━━━━━━━━━━━━━━━━━━━━━━━━━━━━━━━━━━ 100% 0:00:00 / 0:00:02
/Users/user1/miniforge3/envs/bhs_env/lib/python3.11/site-packages/arviz/stats/stats.py:797: UserWarning: Estimated shape parameter of Pareto distribution is greater than 0.70 for one or more samples. You should consider using a more robust model, this is because importance sampling is less likely to work well if the marginal posterior and LOO posterior are very different. This is more likely to happen with a non-robust model and highly influential observations.
  warnings.warn(
-------Start HBNN buisness----------
starting parallel prediction on 32 worker(s)…
Initializing NUTS using jitter+adapt_diag...
Multiprocess sampling (4 chains in 4 jobs)
NUTS: [mu, sigma, beta_con]
finished chain 1/4
finished chain 2/4
finished chain 3/4
finished chain 4/4
-------Start BHS buisness----------
-------------Start BHS Sampling---------------
                                                                                                                        
  Progress                         Draws   Divergences   Step size   Grad evals   Sampling Speed   Elapsed   Remaining  
 ────────────────────────────────────────────────────────────────────────────────────────────────────────────────────── 
  ━━━━━━━━━━━━━━━━━━━━━━━━━━━━━━   2500    0             0.12        31           139.75 draws/s   0:00:17   0:00:00    
  ━━━━━━━━━━━━━━━━━━━━━━━━━━━━━━   2500    0             0.14        31           138.28 draws/s   0:00:18   0:00:00    
  ━━━━━━━━━━━━━━━━━━━━━━━━━━━━━━   2500    0             0.16        31           120.76 draws/s   0:00:20   0:00:00    
  ━━━━━━━━━━━━━━━━━━━━━━━━━━━━━━   2500    0             0.16        31           108.85 draws/s   0:00:22   0:00:00    
                                                                                                                        
Sampling 4 chains for 1_500 tune and 1_000 draw iterations (6_000 + 4_000 draws total) took 33 seconds.
/Users/user1/miniforge3/envs/bhs_env/lib/python3.11/site-packages/arviz/stats/diagnostics.py:596: RuntimeWarning: invalid value encountered in scalar divide
  (between_chain_variance / within_chain_variance + num_samples - 1) / (num_samples)
Rhats
 [('mu', 1.0019849945182135), ('beta_con', 1.0030818251003055), ('sigma', 1.0016930460208928), ('beta', 1.0015624845821849), ('f', 1.0029706433344923), ('w', 1.004067829472843), ('f_test', 1.0027787294936976), ('w_test', 1.0040506957523112)]
MARD BART: 7.2248619694250475
MRD BART: -2.2328639443119713
MARD GP: 6.422923760350896
MRD GP: -0.6020533617940373
MARD HBNN: 6.146050707778088
MRD HBNN: 0.5072280594859613
MARD BHS: 6.084088482133656
MRD BHS: -0.461679277037554
6049.532828467154 4.194815571906934 -0.07372627737226277 4.570844713503649 1.1729082481751822 1.5180168065693431
883.6479172901575 0.26062665391530143 0.206572663121033 11.125493190961159 0.32731139416942934 0.5535885051225802
-------Start BART buisness----------
Multiprocess sampling (4 chains in 4 jobs)
CompoundStep
>NUTS: [X_dist, sig]
>PGBART: [mu]
-----------Start BART Sampling------------
                                                                                                                        
  Progress                         Draws   Divergences   Step size   Grad evals   Sampling Speed   Elapsed   Remaining  
 ────────────────────────────────────────────────────────────────────────────────────────────────────────────────────── 
  ━━━━━━━━━━━━━━━━━━━━━━━━━━━━━━   4000    0             0.23        15           10.93 draws/s    0:06:06   0:00:00    
  ━━━━━━━━━━━━━━━━━━━━━━━━━━━━━━   4000    0             0.23        15           10.94 draws/s    0:06:05   0:00:00    
  ━━━━━━━━━━━━━━━━━━━━━━━━━━━━━━   4000    0             0.25        15           10.92 draws/s    0:06:06   0:00:00    
  ━━━━━━━━━━━━━━━━━━━━━━━━━━━━━━   4000    0             0.19        15           10.86 draws/s    0:06:08   0:00:00    
                                                                                                                        
Sampling 4 chains for 2_000 tune and 2_000 draw iterations (8_000 + 8_000 draws total) took 378 seconds.
The rhat statistic is larger than 1.01 for some parameters. This indicates problems during sampling. See https://arxiv.org/abs/1903.08008 for details
Computing ... ━━━━━━━━━━━━━━━━━━━━━━━━━━━━━━━━━━━━━━━━ 100% 0:00:00
/Users/user1/miniforge3/envs/bhs_env/lib/python3.11/site-packages/arviz/stats/stats.py:797: UserWarning: Estimated shape parameter of Pareto distribution is greater than 0.70 for one or more samples. You should consider using a more robust model, this is because importance sampling is less likely to work well if the marginal posterior and LOO posterior are very different. This is more likely to happen with a non-robust model and highly influential observations.
  warnings.warn(
/Users/user1/miniforge3/envs/bhs_env/lib/python3.11/site-packages/arviz/stats/stats.py:797: UserWarning: Estimated shape parameter of Pareto distribution is greater than 0.70 for one or more samples. You should consider using a more robust model, this is because importance sampling is less likely to work well if the marginal posterior and LOO posterior are very different. This is more likely to happen with a non-robust model and highly influential observations.
  warnings.warn(
Sampling: [X_dist, mu, y]
Rhats
 [('X_dist', 1.0049682293749906), ('mu', 1.0163031889468863), ('sig', 1.0043449062950092)]
LOO
 Computed from 8000 posterior samples and 548 observations log-likelihood matrix.

         Estimate       SE
elpd_loo  -204.98    66.08
p_loo       81.82        -

There has been a warning during the calculation. Please check the results.
------

Pareto k diagnostic values:
                         Count   Pct.
(-Inf, 0.70]   (good)      543   99.1%
   (0.70, 1]   (bad)         3    0.5%
   (1, Inf)   (very bad)    2    0.4%

Sampling ... ━━━━━━━━━━━━━━━━━━━━━━━━━━━━━━━━━━━━━━━━ 100% 0:00:00 / 0:04:15
/Users/user1/miniforge3/envs/bhs_env/lib/python3.11/site-packages/arviz/stats/stats.py:797: UserWarning: Estimated shape parameter of Pareto distribution is greater than 0.70 for one or more samples. You should consider using a more robust model, this is because importance sampling is less likely to work well if the marginal posterior and LOO posterior are very different. This is more likely to happen with a non-robust model and highly influential observations.
  warnings.warn(
Sampling: [X_new_latent, X_var_new_latent, f_mu_pred, log_var_pred_latent, y_pred]
-------Start GP buisness----------
Sampling ... ━━━━━━━━━━━━━━━━━━━━━━━━━━━━━━━━━━━━━━━━ 100% 0:00:00 / 0:00:04
/Users/user1/miniforge3/envs/bhs_env/lib/python3.11/site-packages/arviz/stats/stats.py:797: UserWarning: Estimated shape parameter of Pareto distribution is greater than 0.70 for one or more samples. You should consider using a more robust model, this is because importance sampling is less likely to work well if the marginal posterior and LOO posterior are very different. This is more likely to happen with a non-robust model and highly influential observations.
  warnings.warn(
-------Start HBNN buisness----------
starting parallel prediction on 32 worker(s)…
Initializing NUTS using jitter+adapt_diag...
Multiprocess sampling (4 chains in 4 jobs)
NUTS: [mu, sigma, beta_con]
finished chain 1/4
finished chain 3/4
finished chain 2/4
finished chain 4/4
-------Start BHS buisness----------
-------------Start BHS Sampling---------------
                                                                                                                        
  Progress                         Draws   Divergences   Step size   Grad evals   Sampling Speed   Elapsed   Remaining  
 ────────────────────────────────────────────────────────────────────────────────────────────────────────────────────── 
  ━━━━━━━━━━━━━━━━━━━━━━━━━━━━━━   2500    0             0.14        15           142.09 draws/s   0:00:17   0:00:00    
  ━━━━━━━━━━━━━━━━━━━━━━━━━━━━━━   2500    0             0.13        31           135.08 draws/s   0:00:18   0:00:00    
  ━━━━━━━━━━━━━━━━━━━━━━━━━━━━━━   2500    0             0.17        31           119.94 draws/s   0:00:20   0:00:00    
  ━━━━━━━━━━━━━━━━━━━━━━━━━━━━━━   2500    0             0.15        31           104.51 draws/s   0:00:23   0:00:00    
                                                                                                                        
Sampling 4 chains for 1_500 tune and 1_000 draw iterations (6_000 + 4_000 draws total) took 34 seconds.
/Users/user1/miniforge3/envs/bhs_env/lib/python3.11/site-packages/arviz/stats/diagnostics.py:596: RuntimeWarning: invalid value encountered in scalar divide
  (between_chain_variance / within_chain_variance + num_samples - 1) / (num_samples)
Rhats
 [('mu', 1.0016942923432381), ('beta_con', 1.0025866703405484), ('sigma', 1.0002926446347555), ('beta', 1.0033865392491514), ('f', 1.0046350099304115), ('w', 1.0040641512475872), ('f_test', 1.0031591352819562), ('w_test', 1.0019481688692398)]
MAE on plato mass:  0.13043662066501002
MARD on plato mass: 20.018989975162867
MRD on plato mass: -9.861533957437295
