5978.0969107142855 4.205791666794643 -0.08010071428571429 0.3170239560166381 1.1475716607142856 1.4840080535714286
831.8751676749379 0.2640866953690148 0.2058107556527279 0.6810411063280138 0.2971137557826593 0.5270303780458729
-------Start BART buisness----------
Multiprocess sampling (4 chains in 4 jobs)
CompoundStep
>NUTS: [X_dist, sig]
>PGBART: [mu]
-----------Start BART Sampling------------
                                                                                                                        
  Progress                         Draws   Divergences   Step size   Grad evals   Sampling Speed   Elapsed   Remaining  
 ────────────────────────────────────────────────────────────────────────────────────────────────────────────────────── 
  ━━━━━━━━━━━━━━━━━━━━━━━━━━━━━━   6000    0             0.29        15           12.78 draws/s    0:07:49   0:00:00    
  ━━━━━━━━━━━━━━━━━━━━━━━━━━━━━━   6000    0             0.25        15           12.76 draws/s    0:07:50   0:00:00    
  ━━━━━━━━━━━━━━━━━━━━━━━━━━━━━━   6000    0             0.22        15           12.72 draws/s    0:07:51   0:00:00    
  ━━━━━━━━━━━━━━━━━━━━━━━━━━━━━━   6000    0             0.31        15           12.63 draws/s    0:07:55   0:00:00    
                                                                                                                        
Sampling 4 chains for 4_000 tune and 2_000 draw iterations (16_000 + 8_000 draws total) took 487 seconds.
The rhat statistic is larger than 1.01 for some parameters. This indicates problems during sampling. See https://arxiv.org/abs/1903.08008 for details
Computing ... ━━━━━━━━━━━━━━━━━━━━━━━━━━━━━━━━━━━━━━━━ 100% 0:00:00
/Users/user1/miniforge3/envs/bhs_env/lib/python3.11/site-packages/arviz/stats/stats.py:797: UserWarning: Estimated shape parameter of Pareto distribution is greater than 0.70 for one or more samples. You should consider using a more robust model, this is because importance sampling is less likely to work well if the marginal posterior and LOO posterior are very different. This is more likely to happen with a non-robust model and highly influential observations.
  warnings.warn(
/Users/user1/miniforge3/envs/bhs_env/lib/python3.11/site-packages/arviz/stats/stats.py:797: UserWarning: Estimated shape parameter of Pareto distribution is greater than 0.70 for one or more samples. You should consider using a more robust model, this is because importance sampling is less likely to work well if the marginal posterior and LOO posterior are very different. This is more likely to happen with a non-robust model and highly influential observations.
  warnings.warn(
Sampling: [X_dist, mu, y]
Rhats
 [('X_dist', 1.0044528296428474), ('mu', 1.0116838767509793), ('sig', 1.0006255564881574)]
LOO
 Computed from 8000 posterior samples and 560 observations log-likelihood matrix.

         Estimate       SE
elpd_loo  -174.85    41.12
p_loo       57.06        -

There has been a warning during the calculation. Please check the results.
------

Pareto k diagnostic values:
                         Count   Pct.
(-Inf, 0.70]   (good)      557   99.5%
   (0.70, 1]   (bad)         2    0.4%
   (1, Inf)   (very bad)    1    0.2%

Sampling ... ━━━━━━━━━━━━━━━━━━━━━━━━━━━━━━━━━━━━━━━━ 100% 0:00:00 / 0:03:40
/Users/user1/miniforge3/envs/bhs_env/lib/python3.11/site-packages/arviz/stats/stats.py:797: UserWarning: Estimated shape parameter of Pareto distribution is greater than 0.70 for one or more samples. You should consider using a more robust model, this is because importance sampling is less likely to work well if the marginal posterior and LOO posterior are very different. This is more likely to happen with a non-robust model and highly influential observations.
  warnings.warn(
Sampling: [X_new_latent, X_var_new_latent, f_mu_pred, log_var_pred_latent, y_pred]
-------Start GP buisness----------
Sampling ... ━━━━━━━━━━━━━━━━━━━━━━━━━━━━━━━━━━━━━━━━ 100% 0:00:00 / 0:00:02
(4, 1000, 140)
(4, 1000, 140)
(4, 1000, 140)
f range: -3.2948240065646974 2.1930291408951543
f std over test points: 0.9013318135789556
-------Start HBNN buisness----------
starting parallel prediction on 32 worker(s)…
Initializing NUTS using jitter+adapt_diag...
Multiprocess sampling (4 chains in 4 jobs)
NUTS: [mu, sigma, beta_con]
finished chain 1/4
finished chain 4/4
finished chain 2/4
finished chain 3/4
-------Start BHS buisness----------
-------------Start BHS Sampling---------------
                                                                                                                        
  Progress                         Draws   Divergences   Step size   Grad evals   Sampling Speed   Elapsed   Remaining  
 ────────────────────────────────────────────────────────────────────────────────────────────────────────────────────── 
  ━━━━━━━━━━━━━━━━━━━━━━━━━━━━━━   2500    0             0.19        15           243.90 draws/s   0:00:10   0:00:00    
  ━━━━━━━━━━━━━━━━━━━━━━━━━━━━━━   2500    0             0.25        15           249.28 draws/s   0:00:10   0:00:00    
  ━━━━━━━━━━━━━━━━━━━━━━━━━━━━━━   2500    0             0.26        15           194.93 draws/s   0:00:12   0:00:00    
  ━━━━━━━━━━━━━━━━━━━━━━━━━━━━━━   2500    0             0.24        15           160.71 draws/s   0:00:15   0:00:00    
                                                                                                                        
Sampling 4 chains for 1_500 tune and 1_000 draw iterations (6_000 + 4_000 draws total) took 28 seconds.
/Users/user1/miniforge3/envs/bhs_env/lib/python3.11/site-packages/arviz/stats/diagnostics.py:596: RuntimeWarning: invalid value encountered in scalar divide
  (between_chain_variance / within_chain_variance + num_samples - 1) / (num_samples)
Rhats
 [('mu', 1.0017158353549982), ('beta_con', 1.0033824053606852), ('sigma', 1.0015964531856565), ('beta', 1.0023239791374676), ('f', 1.0062788883504408), ('w', 1.0045970329570464), ('f_test', 1.0052938149587702), ('w_test', 1.0038786379139921)]
MARD BART: 6.282923879912571
MRD BART: -2.112996090082073
MARD GP: 5.238690035238799
MRD GP: -1.0208374883936846
MARD HBNN: 6.190341718766698
MRD HBNN: -1.8215001800586301
MARD BHS: 5.383079965128012
MRD BHS: -1.1885443335823336
