6013.79056880734 4.194425565880734 -0.0722354128440367 3.9843569486238533 1.1630000366972477 1.5145330458715596
828.5709209400139 0.26409162887226345 0.20715231760925246 3.6984536173644633 0.3049096296859578 0.5442063616548278
-------Start BART buisness----------
Multiprocess sampling (4 chains in 4 jobs)
CompoundStep
>NUTS: [X_dist, sig]
>PGBART: [mu]
-----------Start BART Sampling------------
                                                                                                                        
  Progress                         Draws   Divergences   Step size   Grad evals   Sampling Speed   Elapsed   Remaining  
 ────────────────────────────────────────────────────────────────────────────────────────────────────────────────────── 
  ━━━━━━━━━━━━━━━━━━━━━━━━━━━━━━   4000    0             0.28        15           9.14 draws/s     0:07:17   0:00:00    
  ━━━━━━━━━━━━━━━━━━━━━━━━━━━━━━   4000    0             0.21        15           9.06 draws/s     0:07:21   0:00:00    
  ━━━━━━━━━━━━━━━━━━━━━━━━━━━━━━   4000    0             0.36        15           9.07 draws/s     0:07:20   0:00:00    
  ━━━━━━━━━━━━━━━━━━━━━━━━━━━━━━   4000    0             0.26        15           9.07 draws/s     0:07:21   0:00:00    
                                                                                                                        
Sampling 4 chains for 2_000 tune and 2_000 draw iterations (8_000 + 8_000 draws total) took 452 seconds.
The rhat statistic is larger than 1.01 for some parameters. This indicates problems during sampling. See https://arxiv.org/abs/1903.08008 for details
Computing ... ━━━━━━━━━━━━━━━━━━━━━━━━━━━━━━━━━━━━━━━━ 100% 0:00:00
/Users/user1/miniforge3/envs/bhs_env/lib/python3.11/site-packages/arviz/stats/stats.py:797: UserWarning: Estimated shape parameter of Pareto distribution is greater than 0.70 for one or more samples. You should consider using a more robust model, this is because importance sampling is less likely to work well if the marginal posterior and LOO posterior are very different. This is more likely to happen with a non-robust model and highly influential observations.
  warnings.warn(
/Users/user1/miniforge3/envs/bhs_env/lib/python3.11/site-packages/arviz/stats/stats.py:797: UserWarning: Estimated shape parameter of Pareto distribution is greater than 0.70 for one or more samples. You should consider using a more robust model, this is because importance sampling is less likely to work well if the marginal posterior and LOO posterior are very different. This is more likely to happen with a non-robust model and highly influential observations.
  warnings.warn(
Sampling: [X_dist, mu, y]
Rhats
 [('X_dist', 1.0042146319525918), ('mu', 1.0307401518120984), ('sig', 1.0006614332221317)]
LOO
 Computed from 8000 posterior samples and 545 observations log-likelihood matrix.

         Estimate       SE
elpd_loo  -150.07    48.42
p_loo       68.87        -

There has been a warning during the calculation. Please check the results.
------

Pareto k diagnostic values:
                         Count   Pct.
(-Inf, 0.70]   (good)      542   99.4%
   (0.70, 1]   (bad)         2    0.4%
   (1, Inf)   (very bad)    1    0.2%

Sampling ... ━━━━━━━━━━━━━━━━━━━━━━━━━━━━━━━━━━━━━━━━ 100% 0:00:00 / 0:05:11
/Users/user1/miniforge3/envs/bhs_env/lib/python3.11/site-packages/arviz/stats/stats.py:797: UserWarning: Estimated shape parameter of Pareto distribution is greater than 0.70 for one or more samples. You should consider using a more robust model, this is because importance sampling is less likely to work well if the marginal posterior and LOO posterior are very different. This is more likely to happen with a non-robust model and highly influential observations.
  warnings.warn(
Sampling: [X_new_latent, X_var_new_latent, f_mu_pred, log_var_pred_latent, y_pred]
-------Start GP buisness----------
Sampling ... ━━━━━━━━━━━━━━━━━━━━━━━━━━━━━━━━━━━━━━━━ 100% 0:00:00 / 0:00:02
/Users/user1/miniforge3/envs/bhs_env/lib/python3.11/site-packages/arviz/stats/stats.py:797: UserWarning: Estimated shape parameter of Pareto distribution is greater than 0.70 for one or more samples. You should consider using a more robust model, this is because importance sampling is less likely to work well if the marginal posterior and LOO posterior are very different. This is more likely to happen with a non-robust model and highly influential observations.
  warnings.warn(
-------Start HBNN buisness----------
starting parallel prediction on 32 worker(s)…
finished chain 1/4
finished chain 2/4
finished chain 3/4
finished chain 4/4
-------Start BHS buisness----------
Traceback (most recent call last):
  File "/Users/user1/BayeStarML_CL/BayestarML/exec_predictor.py", line 86, in <module>
    bart_bhs_train('Mass')
  File "/Users/user1/BayeStarML_CL/BayestarML/exec_predictor.py", line 49, in bart_bhs_train
    _, bhs_pred, bhs_w, X, Xer, y = predict4(X=None, X_er=None, target=target,
                                    ^^^^^^^^^^^^^^^^^^^^^^^^^^^^^^^^^^^^^^^^^^
  File "/Users/user1/BayestarML_CL/BayestarML/predict.py", line 63, in predict4
    (bhs_trace, bhs_pred, bhs_w) = run_stack(bart4_pred, hbnn4_pred, gp4_pred,
                                   ^^^^^^^^^^^^^^^^^^^^^^^^^^^^^^^^^^^^^^^^^^^
  File "/Users/user1/BayestarML_CL/BayestarML/bhs.py", line 252, in run_stack
    lpd_point = np.vstack((lpd_BART, lpd_HBNN, lpd_GP)).T  # (N_train, K=3)
                ^^^^^^^^^^^^^^^^^^^^^^^^^^^^^^^^^^^^^^^
  File "/Users/user1/miniforge3/envs/bhs_env/lib/python3.11/site-packages/numpy/core/shape_base.py", line 289, in vstack
    return _nx.concatenate(arrs, 0, dtype=dtype, casting=casting)
           ^^^^^^^^^^^^^^^^^^^^^^^^^^^^^^^^^^^^^^^^^^^^^^^^^^^^^^
ValueError: all the input array dimensions except for the concatenation axis must match exactly, but along dimension 1, the array at index 0 has size 545 and the array at index 1 has size 548
