6005.050336283186 4.193800059123894 -0.07348442477876106 0.3409973705942937 1.160158814159292 1.5109202831858406
860.049229273664 0.26487323107888355 0.209474311699161 0.6850468854108144 0.3087831314042799 0.5289801014926185
-------Start BART buisness----------
Multiprocess sampling (4 chains in 4 jobs)
CompoundStep
>NUTS: [X_dist, sig]
>PGBART: [mu]
-----------Start BART Sampling------------
                                                                                                                        
  Progress                         Draws   Divergences   Step size   Grad evals   Sampling Speed   Elapsed   Remaining  
 ────────────────────────────────────────────────────────────────────────────────────────────────────────────────────── 
  ━━━━━━━━━━━━━━━━━━━━━━━━━━━━━━   6000    0             0.32        15           14.06 draws/s    0:07:06   0:00:00    
  ━━━━━━━━━━━━━━━━━━━━━━━━━━━━━━   6000    0             0.28        15           14.12 draws/s    0:07:04   0:00:00    
  ━━━━━━━━━━━━━━━━━━━━━━━━━━━━━━   6000    0             0.22        15           14.06 draws/s    0:07:06   0:00:00    
  ━━━━━━━━━━━━━━━━━━━━━━━━━━━━━━   6000    0             0.24        15           13.98 draws/s    0:07:09   0:00:00    
                                                                                                                        
Sampling 4 chains for 4_000 tune and 2_000 draw iterations (16_000 + 8_000 draws total) took 440 seconds.
The rhat statistic is larger than 1.01 for some parameters. This indicates problems during sampling. See https://arxiv.org/abs/1903.08008 for details
Computing ... ━━━━━━━━━━━━━━━━━━━━━━━━━━━━━━━━━━━━━━━━ 100% 0:00:00
/Users/user1/miniforge3/envs/bhs_env/lib/python3.11/site-packages/arviz/stats/stats.py:797: UserWarning: Estimated shape parameter of Pareto distribution is greater than 0.70 for one or more samples. You should consider using a more robust model, this is because importance sampling is less likely to work well if the marginal posterior and LOO posterior are very different. This is more likely to happen with a non-robust model and highly influential observations.
  warnings.warn(
/Users/user1/miniforge3/envs/bhs_env/lib/python3.11/site-packages/arviz/stats/stats.py:797: UserWarning: Estimated shape parameter of Pareto distribution is greater than 0.70 for one or more samples. You should consider using a more robust model, this is because importance sampling is less likely to work well if the marginal posterior and LOO posterior are very different. This is more likely to happen with a non-robust model and highly influential observations.
  warnings.warn(
Sampling: [X_dist, mu, y]
Rhats
 [('X_dist', 1.0045288630774345), ('mu', 1.0514358450429446), ('sig', 1.0054707929254658)]
LOO
 Computed from 8000 posterior samples and 565 observations log-likelihood matrix.

         Estimate       SE
elpd_loo  -209.55    39.05
p_loo       66.35        -

There has been a warning during the calculation. Please check the results.
------

Pareto k diagnostic values:
                         Count   Pct.
(-Inf, 0.70]   (good)      561   99.3%
   (0.70, 1]   (bad)         2    0.4%
   (1, Inf)   (very bad)    2    0.4%

Sampling ... ━━━━━━━━━━━━━━━━━━━━━━━━━━━━━━━━━━━━━━━━ 100% 0:00:00 / 0:03:07
/Users/user1/miniforge3/envs/bhs_env/lib/python3.11/site-packages/arviz/stats/stats.py:797: UserWarning: Estimated shape parameter of Pareto distribution is greater than 0.70 for one or more samples. You should consider using a more robust model, this is because importance sampling is less likely to work well if the marginal posterior and LOO posterior are very different. This is more likely to happen with a non-robust model and highly influential observations.
  warnings.warn(
Sampling: [X_new_latent, X_var_new_latent, f_mu_pred, log_var_pred_latent, y_pred]
-------Start GP buisness----------
Sampling ... ━━━━━━━━━━━━━━━━━━━━━━━━━━━━━━━━━━━━━━━━ 100% 0:00:00 / 0:00:02
/Users/user1/miniforge3/envs/bhs_env/lib/python3.11/site-packages/arviz/stats/stats.py:797: UserWarning: Estimated shape parameter of Pareto distribution is greater than 0.70 for one or more samples. You should consider using a more robust model, this is because importance sampling is less likely to work well if the marginal posterior and LOO posterior are very different. This is more likely to happen with a non-robust model and highly influential observations.
  warnings.warn(
-------Start HBNN buisness----------
starting parallel prediction on 32 worker(s)…
Initializing NUTS using jitter+adapt_diag...
Multiprocess sampling (4 chains in 4 jobs)
NUTS: [mu, sigma, beta_con]
finished chain 2/4
finished chain 1/4
finished chain 3/4
finished chain 4/4
-------Start BHS buisness----------
-------------Start BHS Sampling---------------
                                                                                                                        
  Progress                         Draws   Divergences   Step size   Grad evals   Sampling Speed   Elapsed   Remaining  
 ────────────────────────────────────────────────────────────────────────────────────────────────────────────────────── 
  ━━━━━━━━━━━━━━━━━━━━━━━━━━━━━━   2500    0             0.22        15           247.75 draws/s   0:00:10   0:00:00    
  ━━━━━━━━━━━━━━━━━━━━━━━━━━━━━━   2500    0             0.24        15           257.22 draws/s   0:00:09   0:00:00    
  ━━━━━━━━━━━━━━━━━━━━━━━━━━━━━━   2500    0             0.26        15           235.30 draws/s   0:00:10   0:00:00    
  ━━━━━━━━━━━━━━━━━━━━━━━━━━━━━━   2500    0             0.23        15           187.41 draws/s   0:00:13   0:00:00    
                                                                                                                        
Sampling 4 chains for 1_500 tune and 1_000 draw iterations (6_000 + 4_000 draws total) took 24 seconds.
/Users/user1/miniforge3/envs/bhs_env/lib/python3.11/site-packages/arviz/stats/diagnostics.py:596: RuntimeWarning: invalid value encountered in scalar divide
  (between_chain_variance / within_chain_variance + num_samples - 1) / (num_samples)
Rhats
 [('mu', 1.001594123620798), ('beta_con', 1.0027012129819488), ('sigma', 1.000333256319092), ('beta', 1.0024010011930549), ('f', 1.0037633519410567), ('w', 1.0042942555530718), ('f_test', 1.0033285844029995), ('w_test', 1.0034089595792268)]
MARD BART: 6.658953301508803
MRD BART: -1.1723301943474445
MARD GP: 5.900995639228284
MRD GP: -1.2744331760024847
MARD HBNN: 6.619400739098294
MRD HBNN: -0.8798659448351305
MARD BHS: 5.84282626413118
MRD BHS: -1.1085765322984749
6005.050336283186 4.193800059123894 -0.07348442477876106 0.3409973705942937 1.160158814159292 1.5109202831858406
860.049229273664 0.26487323107888355 0.209474311699161 0.6850468854108144 0.3087831314042799 0.5289801014926185
-------Start BART buisness----------
Multiprocess sampling (4 chains in 4 jobs)
CompoundStep
>NUTS: [X_dist, sig]
>PGBART: [mu]
-----------Start BART Sampling------------
                                                                                                                        
  Progress                         Draws   Divergences   Step size   Grad evals   Sampling Speed   Elapsed   Remaining  
 ────────────────────────────────────────────────────────────────────────────────────────────────────────────────────── 
  ━━━━━━━━━━━━━━━━━━━━━━━━━━━━━━   6000    0             0.24        15           13.83 draws/s    0:07:13   0:00:00    
  ━━━━━━━━━━━━━━━━━━━━━━━━━━━━━━   6000    0             0.38        15           13.82 draws/s    0:07:14   0:00:00    
  ━━━━━━━━━━━━━━━━━━━━━━━━━━━━━━   6000    0             0.29        15           13.80 draws/s    0:07:14   0:00:00    
  ━━━━━━━━━━━━━━━━━━━━━━━━━━━━━━   6000    0             0.30        15           13.69 draws/s    0:07:18   0:00:00    
                                                                                                                        
Sampling 4 chains for 4_000 tune and 2_000 draw iterations (16_000 + 8_000 draws total) took 449 seconds.
The rhat statistic is larger than 1.01 for some parameters. This indicates problems during sampling. See https://arxiv.org/abs/1903.08008 for details
Computing ... ━━━━━━━━━━━━━━━━━━━━━━━━━━━━━━━━━━━━━━━━ 100% 0:00:00
/Users/user1/miniforge3/envs/bhs_env/lib/python3.11/site-packages/arviz/stats/stats.py:797: UserWarning: Estimated shape parameter of Pareto distribution is greater than 0.70 for one or more samples. You should consider using a more robust model, this is because importance sampling is less likely to work well if the marginal posterior and LOO posterior are very different. This is more likely to happen with a non-robust model and highly influential observations.
  warnings.warn(
/Users/user1/miniforge3/envs/bhs_env/lib/python3.11/site-packages/arviz/stats/stats.py:797: UserWarning: Estimated shape parameter of Pareto distribution is greater than 0.70 for one or more samples. You should consider using a more robust model, this is because importance sampling is less likely to work well if the marginal posterior and LOO posterior are very different. This is more likely to happen with a non-robust model and highly influential observations.
  warnings.warn(
Sampling: [X_dist, mu, y]
Rhats
 [('X_dist', 1.0045355366983766), ('mu', 1.0106627590085127), ('sig', 1.0009703216771266)]
LOO
 Computed from 8000 posterior samples and 565 observations log-likelihood matrix.

         Estimate       SE
elpd_loo  -225.03    36.36
p_loo       63.65        -

There has been a warning during the calculation. Please check the results.
------

Pareto k diagnostic values:
                         Count   Pct.
(-Inf, 0.70]   (good)      562   99.5%
   (0.70, 1]   (bad)         2    0.4%
   (1, Inf)   (very bad)    1    0.2%

Sampling ... ━━━━━━━━━━━━━━━━━━━━━━━━━━━━━━━━━━━━━━━━ 100% 0:00:00 / 0:03:04
/Users/user1/miniforge3/envs/bhs_env/lib/python3.11/site-packages/arviz/stats/stats.py:797: UserWarning: Estimated shape parameter of Pareto distribution is greater than 0.70 for one or more samples. You should consider using a more robust model, this is because importance sampling is less likely to work well if the marginal posterior and LOO posterior are very different. This is more likely to happen with a non-robust model and highly influential observations.
  warnings.warn(
Sampling: [X_new_latent, X_var_new_latent, f_mu_pred, log_var_pred_latent, y_pred]
-------Start GP buisness----------
Sampling ... ━━━━━━━━━━━━━━━━━━━━━━━━━━━━━━━━━━━━━━━━ 100% 0:00:00 / 0:00:03
/Users/user1/miniforge3/envs/bhs_env/lib/python3.11/site-packages/arviz/stats/stats.py:797: UserWarning: Estimated shape parameter of Pareto distribution is greater than 0.70 for one or more samples. You should consider using a more robust model, this is because importance sampling is less likely to work well if the marginal posterior and LOO posterior are very different. This is more likely to happen with a non-robust model and highly influential observations.
  warnings.warn(
-------Start HBNN buisness----------
starting parallel prediction on 32 worker(s)…
Initializing NUTS using jitter+adapt_diag...
Multiprocess sampling (4 chains in 4 jobs)
NUTS: [mu, sigma, beta_con]
finished chain 2/4
finished chain 4/4
finished chain 1/4
finished chain 3/4
-------Start BHS buisness----------
-------------Start BHS Sampling---------------
                                                                                                                        
  Progress                         Draws   Divergences   Step size   Grad evals   Sampling Speed   Elapsed   Remaining  
 ────────────────────────────────────────────────────────────────────────────────────────────────────────────────────── 
  ━━━━━━━━━━━━━━━━━━━━━━━━━━━━━━   2500    0             0.22        15           247.85 draws/s   0:00:10   0:00:00    
  ━━━━━━━━━━━━━━━━━━━━━━━━━━━━━━   2500    0             0.23        15           253.46 draws/s   0:00:09   0:00:00    
  ━━━━━━━━━━━━━━━━━━━━━━━━━━━━━━   2500    0             0.22        15           213.65 draws/s   0:00:11   0:00:00    
  ━━━━━━━━━━━━━━━━━━━━━━━━━━━━━━   2500    0             0.18        15           175.66 draws/s   0:00:14   0:00:00    
                                                                                                                        
Sampling 4 chains for 1_500 tune and 1_000 draw iterations (6_000 + 4_000 draws total) took 25 seconds.
/Users/user1/miniforge3/envs/bhs_env/lib/python3.11/site-packages/arviz/stats/diagnostics.py:596: RuntimeWarning: invalid value encountered in scalar divide
  (between_chain_variance / within_chain_variance + num_samples - 1) / (num_samples)
Rhats
 [('mu', 1.0007582135173019), ('beta_con', 1.003556855879134), ('sigma', 1.0017552211368372), ('beta', 1.0015993447081757), ('f', 1.0025664328123776), ('w', 1.003242689834125), ('f_test', 1.002121753042752), ('w_test', 1.0021198277343462)]
MAE on plato  Mass :  0.3471184760834126
MARD on plato  Mass :  59.07644025844907
MRD on plato  Mass :  -58.78070015057683
